Archive member included because of file (symbol)

j:/altera/13.0sp1/nios2eds/bin/gnu/h-i686-mingw32/bin/../lib/gcc/nios2-elf/4.1.2\libgcc.a(_fixunsdfsi.o)
                              obj/default/dm9000a.o (__fixunsdfsi)
j:/altera/13.0sp1/nios2eds/bin/gnu/h-i686-mingw32/bin/../lib/gcc/nios2-elf/4.1.2\libgcc.a(_addsub_df.o)
                              j:/altera/13.0sp1/nios2eds/bin/gnu/h-i686-mingw32/bin/../lib/gcc/nios2-elf/4.1.2\libgcc.a(_fixunsdfsi.o) (__subdf3)
j:/altera/13.0sp1/nios2eds/bin/gnu/h-i686-mingw32/bin/../lib/gcc/nios2-elf/4.1.2\libgcc.a(_mul_df.o)
                              obj/default/dm9000a.o (__muldf3)
j:/altera/13.0sp1/nios2eds/bin/gnu/h-i686-mingw32/bin/../lib/gcc/nios2-elf/4.1.2\libgcc.a(_ge_df.o)
                              j:/altera/13.0sp1/nios2eds/bin/gnu/h-i686-mingw32/bin/../lib/gcc/nios2-elf/4.1.2\libgcc.a(_fixunsdfsi.o) (__gedf2)
j:/altera/13.0sp1/nios2eds/bin/gnu/h-i686-mingw32/bin/../lib/gcc/nios2-elf/4.1.2\libgcc.a(_df_to_si.o)
                              j:/altera/13.0sp1/nios2eds/bin/gnu/h-i686-mingw32/bin/../lib/gcc/nios2-elf/4.1.2\libgcc.a(_fixunsdfsi.o) (__fixdfsi)
j:/altera/13.0sp1/nios2eds/bin/gnu/h-i686-mingw32/bin/../lib/gcc/nios2-elf/4.1.2\libgcc.a(_thenan_df.o)
                              j:/altera/13.0sp1/nios2eds/bin/gnu/h-i686-mingw32/bin/../lib/gcc/nios2-elf/4.1.2\libgcc.a(_addsub_df.o) (__thenan_df)
j:/altera/13.0sp1/nios2eds/bin/gnu/h-i686-mingw32/bin/../lib/gcc/nios2-elf/4.1.2\libgcc.a(_usi_to_df.o)
                              obj/default/dm9000a.o (__floatunsidf)
j:/altera/13.0sp1/nios2eds/bin/gnu/h-i686-mingw32/bin/../lib/gcc/nios2-elf/4.1.2\libgcc.a(_muldi3.o)
                              j:/altera/13.0sp1/nios2eds/bin/gnu/h-i686-mingw32/bin/../lib/gcc/nios2-elf/4.1.2\libgcc.a(_mul_df.o) (__muldi3)
j:/altera/13.0sp1/nios2eds/bin/gnu/h-i686-mingw32/bin/../lib/gcc/nios2-elf/4.1.2\libgcc.a(_clzsi2.o)
                              j:/altera/13.0sp1/nios2eds/bin/gnu/h-i686-mingw32/bin/../lib/gcc/nios2-elf/4.1.2\libgcc.a(_usi_to_df.o) (__clzsi2)
j:/altera/13.0sp1/nios2eds/bin/gnu/h-i686-mingw32/bin/../lib/gcc/nios2-elf/4.1.2\libgcc.a(_pack_df.o)
                              j:/altera/13.0sp1/nios2eds/bin/gnu/h-i686-mingw32/bin/../lib/gcc/nios2-elf/4.1.2\libgcc.a(_addsub_df.o) (__pack_d)
j:/altera/13.0sp1/nios2eds/bin/gnu/h-i686-mingw32/bin/../lib/gcc/nios2-elf/4.1.2\libgcc.a(_unpack_df.o)
                              j:/altera/13.0sp1/nios2eds/bin/gnu/h-i686-mingw32/bin/../lib/gcc/nios2-elf/4.1.2\libgcc.a(_addsub_df.o) (__unpack_d)
j:/altera/13.0sp1/nios2eds/bin/gnu/h-i686-mingw32/bin/../lib/gcc/nios2-elf/4.1.2\libgcc.a(_fpcmp_parts_df.o)
                              j:/altera/13.0sp1/nios2eds/bin/gnu/h-i686-mingw32/bin/../lib/gcc/nios2-elf/4.1.2\libgcc.a(_ge_df.o) (__fpcmp_parts_d)
j:/altera/13.0sp1/nios2eds/bin/gnu/h-i686-mingw32/bin/../lib/gcc/nios2-elf/4.1.2\libgcc.a(_clz.o)
                              j:/altera/13.0sp1/nios2eds/bin/gnu/h-i686-mingw32/bin/../lib/gcc/nios2-elf/4.1.2\libgcc.a(_clzsi2.o) (__clz_tab)
j:/altera/13.0sp1/nios2eds/bin/gnu/h-i686-mingw32/bin/../lib/gcc/nios2-elf/4.1.2/../../../../nios2-elf/lib\libc.a(lib_a-ctype_.o)
                              obj/default/network_utilities.o (__ctype_ptr)
j:/altera/13.0sp1/nios2eds/bin/gnu/h-i686-mingw32/bin/../lib/gcc/nios2-elf/4.1.2/../../../../nios2-elf/lib\libc.a(lib_a-exit.o)
                              obj/default/iniche_init.o (exit)
j:/altera/13.0sp1/nios2eds/bin/gnu/h-i686-mingw32/bin/../lib/gcc/nios2-elf/4.1.2/../../../../nios2-elf/lib\libc.a(lib_a-fprintf.o)
                              obj/default/alt_error_handler.o (fprintf)
j:/altera/13.0sp1/nios2eds/bin/gnu/h-i686-mingw32/bin/../lib/gcc/nios2-elf/4.1.2/../../../../nios2-elf/lib\libc.a(lib_a-fwrite.o)
                              obj/default/alt_error_handler.o (fwrite)
j:/altera/13.0sp1/nios2eds/bin/gnu/h-i686-mingw32/bin/../lib/gcc/nios2-elf/4.1.2/../../../../nios2-elf/lib\libc.a(lib_a-getc.o)
                              obj/default/network_utilities.o (getc)
j:/altera/13.0sp1/nios2eds/bin/gnu/h-i686-mingw32/bin/../lib/gcc/nios2-elf/4.1.2/../../../../nios2-elf/lib\libc.a(lib_a-impure.o)
                              obj/default/alt_error_handler.o (_impure_ptr)
j:/altera/13.0sp1/nios2eds/bin/gnu/h-i686-mingw32/bin/../lib/gcc/nios2-elf/4.1.2/../../../../nios2-elf/lib\libc.a(lib_a-memcpy.o)
                              obj/default/iniche_init.o (memcpy)
j:/altera/13.0sp1/nios2eds/bin/gnu/h-i686-mingw32/bin/../lib/gcc/nios2-elf/4.1.2/../../../../nios2-elf/lib\libc.a(lib_a-memmove.o)
                              obj/default/simple_socket_server.o (memmove)
j:/altera/13.0sp1/nios2eds/bin/gnu/h-i686-mingw32/bin/../lib/gcc/nios2-elf/4.1.2/../../../../nios2-elf/lib\libc.a(lib_a-memset.o)
                              obj/default/simple_socket_server.o (memset)
j:/altera/13.0sp1/nios2eds/bin/gnu/h-i686-mingw32/bin/../lib/gcc/nios2-elf/4.1.2/../../../../nios2-elf/lib\libc.a(lib_a-perror.o)
[...]
Memory Configuration

Name             Origin             Length             Attributes
sdram_0_BEFORE_EXCEPTION 0x00800000         0x00000020
sdram_0          0x00800020         0x007fffe0
reset            0x01400000         0x00000020
cfi_flash_0      0x01400020         0x003fffe0
sram_0           0x01a00000         0x00080000
epcs_controller  0x01a81800         0x00000800
*default*        0x00000000         0xffffffff

Linker script and memory map

LOAD ../simple_socket_bsp//obj/HAL/src/crt0.o
LOAD obj/default/LCD.o
LOAD obj/default/SSS_DE2_115.o
LOAD obj/default/alt_error_handler.o
LOAD obj/default/dm9000a.o
LOAD obj/default/iniche_init.o
LOAD obj/default/led.o
LOAD obj/default/network_utilities.o
LOAD obj/default/simple_socket_server.o
LOAD obj/default/tse_my_system.o
LOAD j:/altera/13.0sp1/nios2eds/bin/gnu/h-i686-mingw32/bin/../lib/gcc/nios2-elf/4.1.2/../../../../nios2-elf/lib\libstdc++.a
LOAD j:/altera/13.0sp1/nios2eds/bin/gnu/h-i686-mingw32/bin/../lib/gcc/nios2-elf/4.1.2/../../../../nios2-elf/lib\libm.a
LOAD j:/altera/13.0sp1/nios2eds/bin/gnu/h-i686-mingw32/bin/../lib/gcc/nios2-elf/4.1.2\libgcc.a
START GROUP
LOAD j:/altera/13.0sp1/nios2eds/bin/gnu/h-i686-mingw32/bin/../lib/gcc/nios2-elf/4.1.2/../../../../nios2-elf/lib\libc.a
LOAD j:/altera/13.0sp1/nios2eds/bin/gnu/h-i686-mingw32/bin/../lib/gcc/nios2-elf/4.1.2\libgcc.a
LOAD ../simple_socket_bsp/\libucosii_bsp.a
END GROUP
LOAD j:/altera/13.0sp1/nios2eds/bin/gnu/h-i686-mingw32/bin/../lib/gcc/nios2-elf/4.1.2\libgcc.a
                0x00800000                __alt_mem_sdram_0 = 0x800000
                0x01400000                __alt_mem_cfi_flash_0 = 0x1400000
                0x01a00000                __alt_mem_sram_0 = 0x1a00000
                0x01a81800                __alt_mem_epcs_controller = 0x1a81800

.entry          0x01400000        0x0
 *(.entry)
 .entry         0x01400000        0x0 ../simple_socket_bsp//obj/HAL/src/crt0.o
                0x01400000                __reset

.exceptions     0x00800020      0x19c
                0x00800020                PROVIDE (__ram_exceptions_start, ABSOLUTE (.))
                0x00800020                . = ALIGN (0x20)
 *(.irq)
 *(.exceptions.entry.label)
 .exceptions.entry.label
                0x00800020        0x0 ../simple_socket_bsp/\libucosii_bsp.a(alt_irq_entry.o)
                0x00800020                alt_irq_entry
 .exceptions.entry.label
                0x00800020        0x0 ../simple_socket_bsp/\libucosii_bsp.a(alt_exception_entry.o)
                0x00800020                alt_exception
 *(.exceptions.entry.user)
 *(.exceptions.entry)
 .exceptions.entry
                0x00800020       0x54 ../simple_socket_bsp/\libucosii_bsp.a(alt_exception_entry.o)
 *(.exceptions.irqtest.user)
 *(.exceptions.irqtest)
 .exceptions.irqtest
                0x00800074       0x10 ../simple_socket_bsp/\libucosii_bsp.a(alt_irq_entry.o)
 *(.exceptions.irqhandler.user)
 *(.exceptions.irqhandler)
 .exceptions.irqhandler
                0x00800084        0x4 ../simple_socket_bsp/\libucosii_bsp.a(alt_irq_entry.o)
 *(.exceptions.irqreturn.user)
 *(.exceptions.irqreturn)
 .exceptions.irqreturn
                0x00800088        0x4 ../simple_socket_bsp/\libucosii_bsp.a(alt_irq_entry.o)
 *(.exceptions.notirq.label)
 .exceptions.notirq.label
                0x0080008c        0x0 ../simple_socket_bsp/\libucosii_bsp.a(alt_irq_entry.o)
 *(.exceptions.notirq.user)
 *(.exceptions.notirq)
 .exceptions.notirq
                0x0080008c        0x8 ../simple_socket_bsp/\libucosii_bsp.a(alt_exception_entry.o)
 *(.exceptions.soft.user)
 *(.exceptions.soft)
 *(.exceptions.unknown.user)
 *(.exceptions.unknown)
 .exceptions.unknown
                0x00800094        0x4 ../simple_socket_bsp/\libucosii_bsp.a(alt_exception_entry.o)
 *(.exceptions.exit.label)
 .exceptions.exit.label
                0x00800098        0x0 ../simple_socket_bsp/\libucosii_bsp.a(alt_irq_entry.o)
 .exceptions.exit.label
                0x00800098        0x0 ../simple_socket_bsp/\libucosii_bsp.a(alt_exception_entry.o)
 *(.exceptions.exit.user)
 *(.exceptions.exit)
 .exceptions.exit
                0x00800098       0x54 ../simple_socket_bsp/\libucosii_bsp.a(alt_exception_entry.o)
 *(.exceptions)
 .exceptions    0x008000ec       0xd0 ../simple_socket_bsp/\libucosii_bsp.a(alt_irq_handler.o)
                0x008000ec                alt_irq_handler
                0x008001bc                PROVIDE (__ram_exceptions_end, ABSOLUTE (.))
                0x00800020                PROVIDE (__flash_exceptions_start, LOADADDR (.exceptions))

.text           0x008001bc    0x47090
                0x008001bc                PROVIDE (stext, ABSOLUTE (.))
 *(.interp)
 *(.hash)
 *(.dynsym)
 *(.dynstr)
 *(.gnu.version)
 *(.gnu.version_d)
 *(.gnu.version_r)
 *(.rel.init)
 *(.rela.init)
 *(.rel.text .rel.text.* .rel.gnu.linkonce.t.*)
 *(.rela.text .rela.text.* .rela.gnu.linkonce.t.*)
 *(.rel.fini)
 *(.rela.fini)
 *(.rel.rodata .rel.rodata.* .rel.gnu.linkonce.r.*)
 *(.rela.rodata .rela.rodata.* .rela.gnu.linkonce.r.*)
 *(.rel.data .rel.data.* .rel.gnu.linkonce.d.*)
 *(.rela.data .rela.data.* .rela.gnu.linkonce.d.*)
 *(.rel.tdata .rel.tdata.* .rel.gnu.linkonce.td.*)
 *(.rela.tdata .rela.tdata.* .rela.gnu.linkonce.td.*)
 *(.rel.tbss .rel.tbss.* .rel.gnu.linkonce.tb.*)
 *(.rela.tbss .rela.tbss.* .rela.gnu.linkonce.tb.*)
 *(.rel.ctors)
 *(.rela.ctors)
 *(.rel.dtors)
 *(.rela.dtors)
 *(.rel.got)
 *(.rela.got)
 *(.rel.sdata .rel.sdata.* .rel.gnu.linkonce.s.*)
 *(.rela.sdata .rela.sdata.* .rela.gnu.linkonce.s.*)
 *(.rel.sbss .rel.sbss.* .rel.gnu.linkonce.sb.*)
 *(.rela.sbss .rela.sbss.* .rela.gnu.linkonce.sb.*)
 *(.rel.sdata2 .rel.sdata2.* .rel.gnu.linkonce.s2.*)
 *(.rela.sdata2 .rela.sdata2.* .rela.gnu.linkonce.s2.*)
 *(.rel.sbss2 .rel.sbss2.* .rel.gnu.linkonce.sb2.*)
 *(.rela.sbss2 .rela.sbss2.* .rela.gnu.linkonce.sb2.*)
 *(.rel.bss .rel.bss.* .rel.gnu.linkonce.b.*)
 *(.rela.bss .rela.bss.* .rela.gnu.linkonce.b.*)
 *(.rel.plt)
 *(.rela.plt)
 *(.rel.dyn)
 *(.init)
 *(.plt)
 *(.text .stub .text.* .gnu.linkonce.t.*)
 .text          0x008001bc       0x48 ../simple_socket_bsp//obj/HAL/src/crt0.o
                0x008001bc                _start
 .text          0x00800204      0x31c obj/default/LCD.o
                0x00800204                LCD_Init
                0x008002a0                LCD_Show_Text
                0x00800328                LCD_Line2
                0x00800364                LCD_Line1
                0x008003a0                LCD_Clear
                0x008003dc                LCD_Test
 .text          0x00800520      0x2ec obj/default/SSS_DE2_115.o
                0x00800520                get_DE2_115_mac_addr
                0x008006c8                FindLastFlashSectorOffset
 .text          0x0080080c      0xba8 obj/default/alt_error_handler.o
                0x0080080c                alt_uCOSIIErrorHandler
                0x00800e30                alt_NetworkErrorHandler
                0x008010c8                alt_SSSErrorHandler
 .text          0x008013b4      0xe48 obj/default/dm9000a.o
                0x008013b4                dm9000a_iow
                0x00801408                dm9000a_ior
                0x00801454                phy_write
                0x008014f0                dm9000a_reset
                0x008016b4                TransmitPacket
                0x008017d0                prep_dm9000a
                0x008019ec                dm9000a_init
                0x00801e3c                dm9Ka_isr_wrap
                0x00801e7c                dm9ka_init
                0x00801f74                dm9ka_close
                0x00802084                dm9ka_stats
                0x008020e0                dm9ka_pkt_send
 .text          0x008021fc      0x780 obj/default/iniche_init.o
                0x008021fc                SSSInitialTask
                0x00802880                main
 .text          0x0080297c      0x324 obj/default/led.o
                0x0080297c                led_bit_toggle
                0x00802a48                LED7SegLightshowTask
                0x00802abc                LEDManagementTask
 .text          0x00802ca0      0x73c obj/default/network_utilities.o
                0x00802ca0                get_mac_addr
                0x00802cf8                get_ip_addr
                0x00802d64                get_serial_number
                0x00802f40                generate_and_store_mac_addr
                0x0080310c                generate_mac_addr
                0x00803248                get_board_mac_addr
 .text          0x008033dc      0x9f8 obj/default/simple_socket_server.o
                0x008033dc                SSSCreateOSDataStructs
                0x00803484                SSSCreateTasks
                0x00803548                sss_reset_connection
                0x008035b8                sss_send_menu
                0x00803748                sss_handle_accept
                0x00803808                sss_exec_command
                0x0080397c                sss_handle_receive
                0x00803b68                SSSSimpleSocketServerTask
 .text          0x00803dd4        0x0 obj/default/tse_my_system.o
 .text          0x00803dd4       0xa4 j:/altera/13.0sp1/nios2eds/bin/gnu/h-i686-mingw32/bin/../lib/gcc/nios2-elf/4.1.2\libgcc.a(_fixunsdfsi.o)
                0x00803dd4                __fixunsdfsi
 .text          0x00803e78      0x504 j:/altera/13.0sp1/nios2eds/bin/gnu/h-i686-mingw32/bin/../lib/gcc/nios2-elf/4.1.2\libgcc.a(_addsub_df.o)
                0x00804288                __subdf3
                0x00804308                __adddf3
 .text          0x0080437c      0x3c4 j:/altera/13.0sp1/nios2eds/bin/gnu/h-i686-mingw32/bin/../lib/gcc/nios2-elf/4.1.2\libgcc.a(_mul_df.o)
                0x0080437c                __muldf3
 .text          0x00804740       0x88 j:/altera/13.0sp1/nios2eds/bin/gnu/h-i686-mingw32/bin/../lib/gcc/nios2-elf/4.1.2\libgcc.a(_ge_df.o)
                0x00804740                __gedf2
 .text          0x008047c8       0xd8 j:/altera/13.0sp1/nios2eds/bin/gnu/h-i686-mingw32/bin/../lib/gcc/nios2-elf/4.1.2\libgcc.a(_df_to_si.o)
                0x008047c8                __fixdfsi
 .text          0x008048a0        0x0 j:/altera/13.0sp1/nios2eds/bin/gnu/h-i686-mingw32/bin/../lib/gcc/nios2-elf/4.1.2\libgcc.a(_thenan_df.o)
 .text          0x008048a0      0x194 j:/altera/13.0sp1/nios2eds/bin/gnu/h-i686-mingw32/bin/../lib/gcc/nios2-elf/4.1.2\libgcc.a(_usi_to_df.o)
                0x008048a0                __floatunsidf
 .text          0x00804a34       0x98 j:/altera/13.0sp1/nios2eds/bin/gnu/h-i686-mingw32/bin/../lib/gcc/nios2-elf/4.1.2\libgcc.a(_muldi3.o)
                0x00804a34                __muldi3
 .text          0x00804acc       0x80 j:/altera/13.0sp1/nios2eds/bin/gnu/h-i686-mingw32/bin/../lib/gcc/nios2-elf/4.1.2\libgcc.a(_clzsi2.o)
                0x00804acc                __clzsi2
 .text          0x00804b4c      0x314 j:/altera/13.0sp1/nios2eds/bin/gnu/h-i686-mingw32/bin/../lib/gcc/nios2-elf/4.1.2\libgcc.a(_pack_df.o)
                0x00804b4c                __pack_d
 .text          0x00804e60      0x138 j:/altera/13.0sp1/nios2eds/bin/gnu/h-i686-mingw32/bin/../lib/gcc/nios2-elf/4.1.2\libgcc.a(_unpack_df.o)
                0x00804e60                __unpack_d
 .text          0x00804f98       0xc8 j:/altera/13.0sp1/nios2eds/bin/gnu/h-i686-mingw32/bin/../lib/gcc/nios2-elf/4.1.2\libgcc.a(_fpcmp_parts_df.o)
                0x00804f98                __fpcmp_parts_d
 .text          0x00805060        0x0 j:/altera/13.0sp1/nios2eds/bin/gnu/h-i686-mingw32/bin/../lib/gcc/nios2-elf/4.1.2\libgcc.a(_clz.o)
 .text          0x00805060        0x0 j:/altera/13.0sp1/nios2eds/bin/gnu/h-i686-mingw32/bin/../lib/gcc/nios2-elf/4.1.2/../../../../nios2-elf/lib\libc.a(lib_a-ctype_.o)
 .text          0x00805060       0x38 j:/altera/13.0sp1/nios2eds/bin/gnu/h-i686-mingw32/bin/../lib/gcc/nios2-elf/4.1.2/../../../../nios2-elf/lib\libc.a(lib_a-exit.o)
                0x00805060                exit
 .text          0x00805098       0x60 j:/altera/13.0sp1/nios2eds/bin/gnu/h-i686-mingw32/bin/../lib/gcc/nios2-elf/4.1.2/../../../../nios2-elf/lib\libc.a(lib_a-fprintf.o)
                0x00805098                fprintf
                0x008050c4                _fprintf_r
 .text          0x008050f8       0xdc j:/altera/13.0sp1/nios2eds/bin/gnu/h-i686-mingw32/bin/../lib/gcc/nios2-elf/4.1.2/../../../../nios2-elf/lib\libc.a(lib_a-fwrite.o)
                0x008050f8                _fwrite_r
                0x00805194                fwrite
 .text          0x008051d4      0x128 j:/altera/13.0sp1/nios2eds/bin/gnu/h-i686-mingw32/bin/../lib/gcc/nios2-elf/4.1.2/../../../../nios2-elf/lib\libc.a(lib_a-getc.o)
                0x008051d4                getc
                0x0080526c                _getc_r
 .text          0x008052fc        0x0 j:/altera/13.0sp1/nios2eds/bin/gnu/h-i686-mingw32/bin/../lib/gcc/nios2-elf/4.1.2/../../../../nios2-elf/lib\libc.a(lib_a-impure.o)
 .text          0x008052fc       0xa0 j:/altera/13.0sp1/nios2eds/bin/gnu/h-i686-mingw32/bin/../lib/gcc/nios2-elf/4.1.2/../../../../nios2-elf/lib\libc.a(lib_a-memcpy.o)
                0x008052fc                memcpy
 .text          0x0080539c       0xe0 j:/altera/13.0sp1/nios2eds/bin/gnu/h-i686-mingw32/bin/../lib/gcc/nios2-elf/4.1.2/../../../../nios2-elf/lib\libc.a(lib_a-memmove.o)
                0x0080539c                memmove
 .text          0x0080547c       0x98 j:/altera/13.0sp1/nios2eds/bin/gnu/h-i686-mingw32/bin/../lib/gcc/nios2-elf/4.1.2/../../../../nios2-elf/lib\libc.a(lib_a-memset.o)
                0x0080547c                memset
 .text          0x00805514       0x80 j:/altera/13.0sp1/nios2eds/bin/gnu/h-i686-mingw32/bin/../lib/gcc/nios2-elf/4.1.2/../../../../nios2-elf/lib\libc.a(lib_a-perror.o)
                0x00805514                _perror_r
                0x00805580                perror
 .text          0x00805594       0x78 j:/altera/13.0sp1/nios2eds/bin/gnu/h-i686-mingw32/bin/../lib/gcc/nios2-elf/4.1.2/../../../../nios2-elf/lib\libc.a(lib_a-printf.o)
                0x00805594                printf
                0x008055d8                _printf_r
 .text          0x0080560c      0x1ec j:/altera/13.0sp1/nios2eds/bin/gnu/h-i686-mingw32/bin/../lib/gcc/nios2-elf/4.1.2/../../../../nios2-elf/lib\libc.a(lib_a-putc.o)
                0x0080560c                putc
                0x00805710                _putc_r
 .text          0x008057f8       0x24 j:/altera/13.0sp1/nios2eds/bin/gnu/h-i686-mingw32/bin/../lib/gcc/nios2-elf/4.1.2/../../../../nios2-elf/lib\libc.a(lib_a-putchar.o)
                0x008057f8                putchar
                0x00805814                _putchar_r
 .text          0x0080581c       0xb4 j:/altera/13.0sp1/nios2eds/bin/gnu/h-i686-mingw32/bin/../lib/gcc/nios2-elf/4.1.2/../../../../nios2-elf/lib\libc.a(lib_a-puts.o)
                0x0080581c                _puts_r
                0x008058bc                puts
 .text          0x008058d0       0x60 j:/altera/13.0sp1/nios2eds/bin/gnu/h-i686-mingw32/bin/../lib/gcc/nios2-elf/4.1.2/../../../../nios2-elf/lib\libc.a(lib_a-rget.o)
                0x008058d0                __srget_r
                0x0080591c                __srget
 .text          0x00805930       0xe0 j:/altera/13.0sp1/nios2eds/bin/gnu/h-i686-mingw32/bin/../lib/gcc/nios2-elf/4.1.2/../../../../nios2-elf/lib\libc.a(lib_a-strchr.o)
                0x00805930                strchr
 .text          0x00805a10      0x674 j:/altera/13.0sp1/nios2eds/bin/gnu/h-i686-mingw32/bin/../lib/gcc/nios2-elf/4.1.2/../../../../nios2-elf/lib\libc.a(lib_a-strerror.o)
                0x00805a10                strerror
 .text          0x00806084       0x74 j:/altera/13.0sp1/nios2eds/bin/gnu/h-i686-mingw32/bin/../lib/gcc/nios2-elf/4.1.2/../../../../nios2-elf/lib\libc.a(lib_a-strlen.o)
                0x00806084                strlen
 .text          0x008060f8        0x8 j:/altera/13.0sp1/nios2eds/bin/gnu/h-i686-mingw32/bin/../lib/gcc/nios2-elf/4.1.2/../../../../nios2-elf/lib\libc.a(lib_a-u_strerr.o)
                0x008060f8                _user_strerror
 .text          0x00806100     0x1f28 j:/altera/13.0sp1/nios2eds/bin/gnu/h-i686-mingw32/bin/../lib/gcc/nios2-elf/4.1.2/../../../../nios2-elf/lib\libc.a(lib_a-vfprintf.o)
                0x00806158                ___vfprintf_internal_r
                0x00808004                __vfprintf_internal
 .text          0x00808028      0x14c j:/altera/13.0sp1/nios2eds/bin/gnu/h-i686-mingw32/bin/../lib/gcc/nios2-elf/4.1.2/../../../../nios2-elf/lib\libc.a(lib_a-wbuf.o)
                0x00808028                __swbuf_r
                0x00808158                __swbuf
 .text          0x00808174      0x13c j:/altera/13.0sp1/nios2eds/bin/gnu/h-i686-mingw32/bin/../lib/gcc/nios2-elf/4.1.2/../../../../nios2-elf/lib\libc.a(lib_a-wsetup.o)
                0x00808174                __swsetup_r
 .text          0x008082b0      0x1b4 j:/altera/13.0sp1/nios2eds/bin/gnu/h-i686-mingw32/bin/../lib/gcc/nios2-elf/4.1.2/../../../../nios2-elf/lib\libc.a(lib_a-__call_atexit.o)
                0x008082b4                __call_exitprocs
 .text          0x00808464     0x17cc j:/altera/13.0sp1/nios2eds/bin/gnu/h-i686-mingw32/bin/../lib/gcc/nios2-elf/4.1.2/../../../../nios2-elf/lib\libc.a(lib_a-dtoa.o)
                0x0080867c                _dtoa_r
 .text          0x00809c30      0x230 j:/altera/13.0sp1/nios2eds/bin/gnu/h-i686-mingw32/bin/../lib/gcc/nios2-elf/4.1.2/../../../../nios2-elf/lib\libc.a(lib_a-fflush.o)
                0x00809c30                _fflush_r
                0x00809e2c                fflush
 .text          0x00809e60      0x2c0 j:/altera/13.0sp1/nios2eds/bin/gnu/h-i686-mingw32/bin/../lib/gcc/nios2-elf/4.1.2/../../../../nios2-elf/lib\libc.a(lib_a-findfp.o)
                0x00809eb8                __sfp_lock_acquire
                0x00809ebc                __sfp_lock_release
                0x00809ec0                __sinit_lock_acquire
                0x00809ec4                __sinit_lock_release
                0x00809ec8                __sinit
                0x00809f7c                __fp_unlock_all
                0x00809f94                __fp_lock_all
                0x00809fac                _cleanup_r
                0x00809fb8                _cleanup
                0x00809fc8                __sfmoreglue
                0x0080a030                __sfp
 .text          0x0080a120       0xbc j:/altera/13.0sp1/nios2eds/bin/gnu/h-i686-mingw32/bin/../lib/gcc/nios2-elf/4.1.2/../../../../nios2-elf/lib\libc.a(lib_a-fputc.o)
                0x0080a120                fputc
                0x0080a184                _fputc_r
 .text          0x0080a1dc       0x90 j:/altera/13.0sp1/nios2eds/bin/gnu/h-i686-mingw32/bin/../lib/gcc/nios2-elf/4.1.2/../../../../nios2-elf/lib\libc.a(lib_a-fputs.o)
                0x0080a1dc                _fputs_r
                0x0080a250                fputs
 .text          0x0080a26c      0x440 j:/altera/13.0sp1/nios2eds/bin/gnu/h-i686-mingw32/bin/../lib/gcc/nios2-elf/4.1.2/../../../../nios2-elf/lib\libc.a(lib_a-freer.o)
                0x0080a26c                _malloc_trim_r
                0x0080a398                _free_r
 .text          0x0080a6ac      0x49c j:/altera/13.0sp1/nios2eds/bin/gnu/h-i686-mingw32/bin/../lib/gcc/nios2-elf/4.1.2/../../../../nios2-elf/lib\libc.a(lib_a-fvwrite.o)
                0x0080a6ac                __sfvwrite_r
 .text          0x0080ab48      0x180 j:/altera/13.0sp1/nios2eds/bin/gnu/h-i686-mingw32/bin/../lib/gcc/nios2-elf/4.1.2/../../../../nios2-elf/lib\libc.a(lib_a-fwalk.o)
                0x0080ab48                _fwalk_reent
                0x0080ac10                _fwalk
 .text          0x0080acc8       0xc4 j:/altera/13.0sp1/nios2eds/bin/gnu/h-i686-mingw32/bin/../lib/gcc/nios2-elf/4.1.2/../../../../nios2-elf/lib\libc.a(lib_a-locale.o)
                0x0080acc8                __locale_charset
                0x0080acd0                _localeconv_r
                0x0080acdc                localeconv
                0x0080acec                _setlocale_r
                0x0080ad70                setlocale
 .text          0x0080ad8c      0x194 j:/altera/13.0sp1/nios2eds/bin/gnu/h-i686-mingw32/bin/../lib/gcc/nios2-elf/4.1.2/../../../../nios2-elf/lib\libc.a(lib_a-makebuf.o)
                0x0080ad8c                __smakebuf_r
 .text          0x0080af20      0x740 j:/altera/13.0sp1/nios2eds/bin/gnu/h-i686-mingw32/bin/../lib/gcc/nios2-elf/4.1.2/../../../../nios2-elf/lib\libc.a(lib_a-mallocr.o)
                0x0080af20                _malloc_r
 .text          0x0080b660       0xe4 j:/altera/13.0sp1/nios2eds/bin/gnu/h-i686-mingw32/bin/../lib/gcc/nios2-elf/4.1.2/../../../../nios2-elf/lib\libc.a(lib_a-memchr.o)
                0x0080b660                memchr
 .text          0x0080b744      0xff4 j:/altera/13.0sp1/nios2eds/bin/gnu/h-i686-mingw32/bin/../lib/gcc/nios2-elf/4.1.2/../../../../nios2-elf/lib\libc.a(lib_a-mprec.o)
                0x0080b744                _Bfree
                0x0080b76c                __hi0bits
                0x0080b7dc                __lo0bits
                0x0080b8a0                __mcmp
                0x0080b900                __ulp
                0x0080b980                __b2d
                0x0080baa0                __ratio
                0x0080bb50                _mprec_log10
                0x0080bbe4                __copybits
                0x0080bc3c                __any_on
                0x0080bcc4                _Balloc
                0x0080bd80                __d2b
                0x0080befc                __mdiff
                0x0080c088                __lshift
                0x0080c1d4                __multiply
                0x0080c3bc                __i2b
                0x0080c3f8                __multadd
                0x0080c4f8                __pow5mult
                0x0080c618                __s2b
 .text          0x0080c738      0x5f4 j:/altera/13.0sp1/nios2eds/bin/gnu/h-i686-mingw32/bin/../lib/gcc/nios2-elf/4.1.2/../../../../nios2-elf/lib\libc.a(lib_a-reallocr.o)
                0x0080c738                _realloc_r
 .text          0x0080cd2c      0x1e0 j:/altera/13.0sp1/nios2eds/bin/gnu/h-i686-mingw32/bin/../lib/gcc/nios2-elf/4.1.2/../../../../nios2-elf/lib\libc.a(lib_a-refill.o)
                0x0080cd2c                __srefill_r
 .text          0x0080cf0c       0x40 j:/altera/13.0sp1/nios2eds/bin/gnu/h-i686-mingw32/bin/../lib/gcc/nios2-elf/4.1.2/../../../../nios2-elf/lib\libc.a(lib_a-s_isinfd.o)
                0x0080cf0c                __isinfd
 .text          0x0080cf4c       0x30 j:/altera/13.0sp1/nios2eds/bin/gnu/h-i686-mingw32/bin/../lib/gcc/nios2-elf/4.1.2/../../../../nios2-elf/lib\libc.a(lib_a-s_isnand.o)
                0x0080cf4c                __isnand
 .text          0x0080cf7c       0x70 j:/altera/13.0sp1/nios2eds/bin/gnu/h-i686-mingw32/bin/../lib/gcc/nios2-elf/4.1.2/../../../../nios2-elf/lib\libc.a(lib_a-sbrkr.o)
                0x0080cf7c                _sbrk_r
 .text          0x0080cfec      0x14c j:/altera/13.0sp1/nios2eds/bin/gnu/h-i686-mingw32/bin/../lib/gcc/nios2-elf/4.1.2/../../../../nios2-elf/lib\libc.a(lib_a-stdio.o)
                0x0080cfec                __sclose
                0x0080cff4                __sseek
                0x0080d05c                __swrite
                0x0080d0d8                __sread
 .text          0x0080d138       0xbc j:/altera/13.0sp1/nios2eds/bin/gnu/h-i686-mingw32/bin/../lib/gcc/nios2-elf/4.1.2/../../../../nios2-elf/lib\libc.a(lib_a-strcmp.o)
                0x0080d138                strcmp
 .text          0x0080d1f4       0x78 j:/altera/13.0sp1/nios2eds/bin/gnu/h-i686-mingw32/bin/../lib/gcc/nios2-elf/4.1.2/../../../../nios2-elf/lib\libc.a(lib_a-writer.o)
                0x0080d1f4                _write_r
 .text          0x0080d26c       0xb4 j:/altera/13.0sp1/nios2eds/bin/gnu/h-i686-mingw32/bin/../lib/gcc/nios2-elf/4.1.2/../../../../nios2-elf/lib\libc.a(lib_a-callocr.o)
                0x0080d26c                _calloc_r
 .text          0x0080d320       0x70 j:/altera/13.0sp1/nios2eds/bin/gnu/h-i686-mingw32/bin/../lib/gcc/nios2-elf/4.1.2/../../../../nios2-elf/lib\libc.a(lib_a-closer.o)
                0x0080d320                _close_r
 .text          0x0080d390      0x124 j:/altera/13.0sp1/nios2eds/bin/gnu/h-i686-mingw32/bin/../lib/gcc/nios2-elf/4.1.2/../../../../nios2-elf/lib\libc.a(lib_a-fclose.o)
                0x0080d390                _fclose_r
                0x0080d4a0                fclose
 .text          0x0080d4b4       0x74 j:/altera/13.0sp1/nios2eds/bin/gnu/h-i686-mingw32/bin/../lib/gcc/nios2-elf/4.1.2/../../../../nios2-elf/lib\libc.a(lib_a-fstatr.o)
                0x0080d4b4                _fstat_r
 .text          0x0080d528        0x0 j:/altera/13.0sp1/nios2eds/bin/gnu/h-i686-mingw32/bin/../lib/gcc/nios2-elf/4.1.2/../../../../nios2-elf/lib\libc.a(lib_a-int_errno.o)
 .text          0x0080d528       0x70 j:/altera/13.0sp1/nios2eds/bin/gnu/h-i686-mingw32/bin/../lib/gcc/nios2-elf/4.1.2/../../../../nios2-elf/lib\libc.a(lib_a-isattyr.o)
                0x0080d528                _isatty_r
 .text          0x0080d598       0x78 j:/altera/13.0sp1/nios2eds/bin/gnu/h-i686-mingw32/bin/../lib/gcc/nios2-elf/4.1.2/../../../../nios2-elf/lib\libc.a(lib_a-lseekr.o)
                0x0080d598                _lseek_r
 .text          0x0080d610       0x78 j:/altera/13.0sp1/nios2eds/bin/gnu/h-i686-mingw32/bin/../lib/gcc/nios2-elf/4.1.2/../../../../nios2-elf/lib\libc.a(lib_a-readr.o)
                0x0080d610                _read_r
 .text          0x0080d688      0x5dc j:/altera/13.0sp1/nios2eds/bin/gnu/h-i686-mingw32/bin/../lib/gcc/nios2-elf/4.1.2\libgcc.a(_udivdi3.o)
                0x0080d688                __udivdi3
 .text          0x0080dc64      0x5b0 j:/altera/13.0sp1/nios2eds/bin/gnu/h-i686-mingw32/bin/../lib/gcc/nios2-elf/4.1.2\libgcc.a(_umoddi3.o)
                0x0080dc64                __umoddi3
 .text          0x0080e214      0x258 j:/altera/13.0sp1/nios2eds/bin/gnu/h-i686-mingw32/bin/../lib/gcc/nios2-elf/4.1.2\libgcc.a(_div_df.o)
                0x0080e214                __divdf3
 .text          0x0080e46c       0x88 j:/altera/13.0sp1/nios2eds/bin/gnu/h-i686-mingw32/bin/../lib/gcc/nios2-elf/4.1.2\libgcc.a(_eq_df.o)
                0x0080e46c                __eqdf2
 .text          0x0080e4f4       0x88 j:/altera/13.0sp1/nios2eds/bin/gnu/h-i686-mingw32/bin/../lib/gcc/nios2-elf/4.1.2\libgcc.a(_ne_df.o)
                0x0080e4f4                __nedf2
 .text          0x0080e57c       0x88 j:/altera/13.0sp1/nios2eds/bin/gnu/h-i686-mingw32/bin/../lib/gcc/nios2-elf/4.1.2\libgcc.a(_gt_df.o)
                0x0080e57c                __gtdf2
 .text          0x0080e604       0x88 j:/altera/13.0sp1/nios2eds/bin/gnu/h-i686-mingw32/bin/../lib/gcc/nios2-elf/4.1.2\libgcc.a(_lt_df.o)
                0x0080e604                __ltdf2
 .text          0x0080e68c       0xf8 j:/altera/13.0sp1/nios2eds/bin/gnu/h-i686-mingw32/bin/../lib/gcc/nios2-elf/4.1.2\libgcc.a(_si_to_df.o)
                0x0080e68c                __floatsidf
 .text          0x0080e784      0x14c j:/altera/13.0sp1/nios2eds/bin/gnu/h-i686-mingw32/bin/../lib/gcc/nios2-elf/4.1.2\libgcc.a(lib2-divmod.o)
                0x0080e800                __divsi3
                0x0080e860                __modsi3
                0x0080e8c0                __udivsi3
                0x0080e8c8                __umodsi3
 .text          0x0080e8d0       0x6c ../simple_socket_bsp/\libucosii_bsp.a(alt_exit.o)
                0x0080e910                _exit
 .text          0x0080e93c       0xd0 ../simple_socket_bsp/\libucosii_bsp.a(alt_flash_dev.o)
                0x0080e93c                alt_flash_open_dev
                0x0080e9b8                alt_flash_close_dev
 .text          0x0080ea0c      0x134 ../simple_socket_bsp/\libucosii_bsp.a(alt_fstat.o)
                0x0080ea0c                fstat
 .text          0x0080eb40      0x1c0 ../simple_socket_bsp/\libucosii_bsp.a(alt_irq_register.o)
                0x0080eb40                alt_irq_register
 .text          0x0080ed00        0x0 ../simple_socket_bsp/\libucosii_bsp.a(alt_irq_vars.o)
 .text          0x0080ed00      0x120 ../simple_socket_bsp/\libucosii_bsp.a(alt_isatty.o)
                0x0080ed00                isatty
 .text          0x0080ee20      0x150 ../simple_socket_bsp/\libucosii_bsp.a(alt_lseek.o)
                0x0080ee20                lseek
 .text          0x0080ef70       0xc8 ../simple_socket_bsp/\libucosii_bsp.a(alt_main.o)
                0x0080ef70                alt_main
 .text          0x0080f038       0xbc ../simple_socket_bsp/\libucosii_bsp.a(alt_sbrk.o)
                0x0080f038                sbrk
 .text          0x0080f0f4      0x118 ../simple_socket_bsp/\libucosii_bsp.a(alt_usleep.o)
                0x0080f0f4                usleep
 .text          0x0080f20c      0x108 ../simple_socket_bsp/\libucosii_bsp.a(alt_env_lock.o)
                0x0080f20c                __env_lock
                0x0080f2b8                __env_unlock
 .text          0x0080f314      0x1d8 ../simple_socket_bsp/\libucosii_bsp.a(alt_malloc_lock.o)
                0x0080f314                __malloc_lock
                0x0080f41c                __malloc_unlock
 .text          0x0080f4ec     0x2128 ../simple_socket_bsp/\libucosii_bsp.a(os_core.o)
                0x0080f4ec                OSEventNameGet
                0x0080f61c                OSEventNameSet
                0x0080f760                OSEventPendMulti
                0x0080fe14                OSInit
                0x0080fe68                OSIntEnter
                0x0080fee4                OSIntExit
                0x0080ffe4                OSSchedLock
                0x00810070                OSSchedUnlock
                0x00810154                OSStart
                0x008101c4                OSStatInit
                0x00810270                OSTimeTick
                0x008104b0                OSVersion
                0x008104d0                OS_Dummy
                0x008104ec                OS_EventTaskRdy
                0x00810680                OS_EventTaskWait
                0x00810790                OS_EventTaskWaitMulti
                0x008108e4                OS_EventTaskRemove
                0x0081099c                OS_EventTaskRemoveMulti
                0x00810aa0                OS_EventWaitListInit
                0x00810e6c                OS_MemClr
                0x00810ec0                OS_MemCopy
                0x00810f2c                OS_Sched
                0x00811070                OS_StrCopy
                0x008110f0                OS_StrLen
                0x00811148                OS_TaskIdle
                0x008111a4                OS_TaskStat
                0x0081126c                OS_TaskStatStkChk
                0x00811334                OS_TCBInit
 .text          0x00811614      0x18c ../simple_socket_bsp/\libucosii_bsp.a(os_dbg.o)
                0x00811614                OSDebugInit
 .text          0x008117a0     0x193c ../simple_socket_bsp/\libucosii_bsp.a(os_flag.o)
                0x008117a0                OSFlagAccept
                0x00811ad4                OSFlagCreate
                0x00811c10                OSFlagDel
                0x00811eb8                OSFlagNameGet
                0x00811ffc                OSFlagNameSet
                0x00812150                OSFlagPend
                0x00812794                OSFlagPendGetFlagsRdy
                0x008127fc                OSFlagPost
                0x00812ba4                OSFlagQuery
                0x00812e3c                OS_FlagInit
                0x00813030                OS_FlagUnlink
 .text          0x008130dc      0x808 ../simple_socket_bsp/\libucosii_bsp.a(os_mem.o)
                0x008130dc                OSMemCreate
                0x008132f8                OSMemGet
                0x008133fc                OSMemNameGet
                0x00813508                OSMemNameSet
                0x00813628                OSMemPut
                0x00813718                OSMemQuery
                0x00813814                OS_MemInit
 .text          0x008138e4     0x1334 ../simple_socket_bsp/\libucosii_bsp.a(os_q.o)
                0x008138e4                OSQAccept
                0x00813a38                OSQCreate
                0x00813c4c                OSQDel
                0x00813f4c                OSQFlush
                0x00814014                OSQPend
                0x00814334                OSQPendAbort
                0x008144b0                OSQPost
                0x00814630                OSQPostFront
                0x008147b8                OSQPostOpt
                0x008149ec                OSQQuery
                0x00814b6c                OS_QInit
 .text          0x00814c18      0xbc8 ../simple_socket_bsp/\libucosii_bsp.a(os_sem.o)
                0x00814c18                OSSemAccept
                0x00814cd8                OSSemCreate
                0x00814dec                OSSemDel
                0x0081508c                OSSemPend
                0x00815308                OSSemPendAbort
                0x00815484                OSSemPost
                0x008155ac                OSSemQuery
                0x008156dc                OSSemSet
 .text          0x008157e0     0x1a40 ../simple_socket_bsp/\libucosii_bsp.a(os_task.o)
                0x008157e0                OSTaskChangePrio
                0x00815d54                OSTaskCreate
                0x00815f28                OSTaskCreateExt
                0x00816128                OSTaskDel
                0x00816534                OSTaskDelReq
                0x008166a4                OSTaskNameGet
                0x0081685c                OSTaskNameSet
                0x00816a20                OSTaskResume
                0x00816c38                OSTaskStkChk
                0x00816e34                OSTaskSuspend
                0x00817060                OSTaskQuery
                0x008171a4                OS_TaskStkClr
 .text          0x00817220      0x670 ../simple_socket_bsp/\libucosii_bsp.a(os_time.o)
                0x00817220                OSTimeDly
                0x0081736c                OSTimeDlyHMSM
                0x008175b8                OSTimeDlyResume
                0x008177c8                OSTimeGet
                0x0081782c                OSTimeSet
 .text          0x00817890      0x118 ../simple_socket_bsp/\libucosii_bsp.a(alt_sys_init.o)
                0x00817890                alt_irq_init
                0x008178c4                alt_sys_init
 .text          0x008179a8      0x8c8 ../simple_socket_bsp/\libucosii_bsp.a(altera_avalon_cfi_flash.o)
                0x008179a8                alt_flash_cfi_init
                0x00817a7c                alt_flash_cfi_write
                0x00817d3c                alt_flash_cfi_get_info
                0x00817dcc                alt_flash_cfi_read
                0x00817e34                alt_write_value_to_flash
                0x00817f98                alt_flash_program_block
 .text          0x00818270     0x14a8 ../simple_socket_bsp/\libucosii_bsp.a(altera_avalon_cfi_flash_table.o)
                0x00818270                alt_read_query_entry_8bit
                0x008182b0                alt_read_query_entry_16bit
                0x008182f4                alt_read_query_entry_32bit
                0x0081833c                alt_write_flash_command_8bit_device_8bit_mode
                0x00818378                alt_write_flash_command_16bit_device_8bit_mode
                0x008183f4                alt_write_flash_command_32bit_device_8bit_mode
                0x0081843c                alt_write_flash_command_16bit_device_16bit_mode
                0x00818480                alt_write_flash_command_32bit_device_16bit_mode
                0x008184c8                alt_write_flash_command_32bit_device_32bit_mode
                0x00818510                alt_write_native_8bit
                0x00818544                alt_write_native_16bit
                0x00818578                alt_write_native_32bit
                0x008185a8                alt_set_flash_width_func
                0x00818788                alt_set_flash_algorithm_func
                0x008188b0                alt_read_cfi_table
                0x00818e90                alt_read_cfi_width
                0x0081963c                alt_check_primary_table
 .text          0x00819718      0x9e4 ../simple_socket_bsp/\libucosii_bsp.a(altera_avalon_epcs_flash_controller.o)
                0x00819718                alt_epcs_flash_init
                0x00819b34                alt_epcs_flash_write
                0x00819db4                alt_epcs_flash_get_info
                0x00819e44                alt_epcs_flash_erase_block
                0x00819f48                alt_epcs_flash_write_block
                0x0081a064                alt_epcs_flash_read
 .text          0x0081a0fc      0x148 ../simple_socket_bsp/\libucosii_bsp.a(altera_avalon_jtag_uart_fd.o)
                0x0081a0fc                altera_avalon_jtag_uart_read_fd
                0x0081a154                altera_avalon_jtag_uart_write_fd
                0x0081a1ac                altera_avalon_jtag_uart_close_fd
                0x0081a1f4                altera_avalon_jtag_uart_ioctl_fd
 .text          0x0081a244      0x584 ../simple_socket_bsp/\libucosii_bsp.a(altera_avalon_jtag_uart_init.o)
                0x0081a244                altera_avalon_jtag_uart_init
                0x0081a754                altera_avalon_jtag_uart_close
 .text          0x0081a7c8       0xf4 ../simple_socket_bsp/\libucosii_bsp.a(altera_avalon_jtag_uart_ioctl.o)
                0x0081a7c8                altera_avalon_jtag_uart_ioctl
 .text          0x0081a8bc      0x2c0 ../simple_socket_bsp/\libucosii_bsp.a(altera_avalon_jtag_uart_read.o)
                0x0081a8bc                altera_avalon_jtag_uart_read
 .text          0x0081ab7c      0x2dc ../simple_socket_bsp/\libucosii_bsp.a(altera_avalon_jtag_uart_write.o)
                0x0081ab7c                altera_avalon_jtag_uart_write
 .text          0x0081ae58      0xf3c ../simple_socket_bsp/\libucosii_bsp.a(altera_avalon_lcd_16207.o)
                0x0081b62c                altera_avalon_lcd_16207_write
                0x0081bc30                altera_avalon_lcd_16207_init
 .text          0x0081bd94       0x58 ../simple_socket_bsp/\libucosii_bsp.a(altera_avalon_lcd_16207_fd.o)
                0x0081bd94                altera_avalon_lcd_16207_write_fd
 .text          0x0081bdec      0x100 ../simple_socket_bsp/\libucosii_bsp.a(altera_avalon_timer_sc.o)
                0x0081be5c                alt_avalon_timer_sc_init
 .text          0x0081beec       0xf8 ../simple_socket_bsp/\libucosii_bsp.a(altera_avalon_uart_fd.o)
                0x0081beec                altera_avalon_uart_read_fd
                0x0081bf44                altera_avalon_uart_write_fd
                0x0081bf9c                altera_avalon_uart_close_fd
 .text          0x0081bfe4      0x57c ../simple_socket_bsp/\libucosii_bsp.a(altera_avalon_uart_init.o)
                0x0081bfe4                altera_avalon_uart_init
                0x0081c500                altera_avalon_uart_close
 .text          0x0081c560      0x310 ../simple_socket_bsp/\libucosii_bsp.a(altera_avalon_uart_read.o)
                0x0081c560                altera_avalon_uart_read
 .text          0x0081c870      0x2a8 ../simple_socket_bsp/\libucosii_bsp.a(altera_avalon_uart_write.o)
                0x0081c870                altera_avalon_uart_write
 .text          0x0081cb18      0x6d4 ../simple_socket_bsp/\libucosii_bsp.a(epcs_commands.o)
                0x0081cb18                epcs_read_status_register
                0x0081cb78                epcs_sector_erase
                0x0081cce0                epcs_read_buffer
                0x0081ce2c                epcs_write_enable
                0x0081ce7c                epcs_write_status_register
                0x0081cee0                epcs_write_buffer
                0x0081d050                epcs_read_electronic_signature
                0x0081d0bc                epcs_read_device_id
                0x0081d13c                epcs_enter_4_bytes_mode
                0x0081d194                epcs_exit_4_bytes_mode
 .text          0x0081d1ec       0x54 ../simple_socket_bsp/\libucosii_bsp.a(alt_iniche_close.o)
                0x0081d1ec                close
 .text          0x0081d240      0x144 ../simple_socket_bsp/\libucosii_bsp.a(alt_iniche_dev.o)
                0x0081d240                iniche_devices_init
 .text          0x0081d384       0x78 ../simple_socket_bsp/\libucosii_bsp.a(alt_iniche_read.o)
                0x0081d384                read
 .text          0x0081d3fc       0x70 ../simple_socket_bsp/\libucosii_bsp.a(alt_iniche_write.o)
                0x0081d3fc                write
 .text          0x0081d46c      0xedc ../simple_socket_bsp/\libucosii_bsp.a(ipnet.o)
                0x0081d46c                Netinit
                0x0081dab8                fixup_subnet_mask
                0x0081dc18                netclose
                0x0081dd00                pktdemux
                0x0081e0d4                c_older
                0x0081e1a4                ip2mac
 .text          0x0081e348      0x4b0 ../simple_socket_bsp/\libucosii_bsp.a(ipstart.o)
                0x0081e348                ip_startup
                0x0081e62c                exit_hook
                0x0081e698                ip_exit
                0x0081e768                if_netnumber
 .text          0x0081e7f8     0x10e8 ../simple_socket_bsp/\libucosii_bsp.a(igmp_cmn.o)
                0x0081e7f8                igmp_init
                0x0081e8e8                igmp_input
                0x0081e9e0                igmp_fasttimo
                0x0081ec14                igmp_send
                0x0081eebc                igmp_joingroup
                0x0081f128                igmp_leavegroup
                0x0081f1a4                igmp_validate
                0x0081f500                igmp_print_stats
 .text          0x0081f8e0      0xbc8 ../simple_socket_bsp/\libucosii_bsp.a(bsdsock.o)
                0x0081f8e0                bsd_accept
                0x0081fa18                bsd_getpeername
                0x0081fb44                bsd_getsockname
                0x0081fc70                bsd_i_sockoptlen
                0x0081fe28                bsd_getsockopt
                0x0081ff48                bsd_ioctl
                0x0082004c                bsd_inet_ntoa
                0x0082007c                bsd_recvfrom
                0x008201dc                bsd_select
                0x008203bc                bsd_setsockopt
 .text          0x008204a8      0x118 ../simple_socket_bsp/\libucosii_bsp.a(cksum.o)
                0x008204a8                ccksum
                0x00820558                cksum
 .text          0x008205c0      0xa9c ../simple_socket_bsp/\libucosii_bsp.a(in_utils.o)
                0x008205c0                do_trap
                0x008205ec                nextarg
                0x00820668                hexdump
                0x008207b0                print_ipad
                0x00820824                print_uptime
                0x00820950                panic
                0x00820994                print_eth
                0x00820af8                uslash
                0x00820b78                ns_printf
                0x00820cfc                std_out
                0x00820d40                con_page
                0x00820e30                parse_args
 .text          0x0082105c      0x1c8 ../simple_socket_bsp/\libucosii_bsp.a(netmain.o)
                0x0082105c                netmain
                0x00821150                tk_netmain
                0x008211d8                tk_nettick
 .text          0x00821224      0x810 ../simple_socket_bsp/\libucosii_bsp.a(parseip.o)
                0x00821224                parse_ipad
                0x00821540                inet_addr
                0x008215a8                hextoa
                0x00821618                inet_pton
                0x008216c4                inet_ntop
                0x00821750                print46_addr
                0x008217b0                inet46_addr
                0x00821874                inet_setport
                0x008218e8                convert_ip
 .text          0x00821a34      0x5e8 ../simple_socket_bsp/\libucosii_bsp.a(tk_crnos.o)
                0x00821a34                TK_OSTimeDly
                0x00821a60                TK_OSTaskResume
                0x00821ad0                tcp_sleep
                0x00821c70                tcp_wakeup
                0x00821d74                TK_OSTaskQuery
                0x00821de8                tk_yield
                0x00821e14                tk_stats
 .text          0x0082201c     0x3294 ../simple_socket_bsp/\libucosii_bsp.a(dhcpclnt.o)
                0x0082201c                dhc_get_srv_ipaddr
                0x008220ac                dhc_init
                0x00822168                dhc_set_callback
                0x008221ac                dhc_upcall
                0x008229dc                dhc_buildheader
                0x00822bf8                dhc_discover
                0x00823110                dhc_rx_offer
                0x00823214                dhc_request
                0x00823d50                dhc_setip
                0x00823fd0                dhc_resetip
                0x008240b4                dhc_decline
                0x00824298                dhc_extract_opts
                0x00824554                dhc_second
                0x00824e44                dhc_halt
                0x00824ecc                dhc_reclaim
                0x0082509c                dhc_state_init
                0x008250fc                dhc_alldone
                0x0082518c                dhc_ifacedone
                0x00825200                dhc_set_state
 .text          0x008252b0       0xcc ../simple_socket_bsp/\libucosii_bsp.a(dhcputil.o)
                0x008252b0                find_opt
 .text          0x0082537c      0x79c ../simple_socket_bsp/\libucosii_bsp.a(pktalloc.o)
                0x0082537c                pk_init
                0x0082560c                pk_alloc
                0x008256e8                pk_validate
                0x008259a0                pk_free
                0x00825a4c                pk_get_max_intrsafe_buf_len
                0x00825a6c                dump_buf_estats
 .text          0x00825b18      0x288 ../simple_socket_bsp/\libucosii_bsp.a(q.o)
                0x00825b18                getq
                0x00825be0                putq
                0x00825c90                qdel
 .text          0x00825da0      0x31c ../simple_socket_bsp/\libucosii_bsp.a(udp_open.o)
                0x00825da0                udp_open
                0x00825fd8                udp_close
 .text          0x008260bc      0x194 ../simple_socket_bsp/\libucosii_bsp.a(asm_cksum.o)
                0x008260bc                asm_cksum
 .text          0x00826250      0x2e4 ../simple_socket_bsp/\libucosii_bsp.a(brdutils.o)
                0x00826250                dtrap
                0x00826280                kbhit
                0x0082632c                getch
                0x0082638c                clock_init
                0x008263c8                clock_c
                0x008263e4                cticks_hook
                0x00826494                irq_Mask
                0x008264f0                irq_Unmask
 .text          0x00826534      0x488 ../simple_socket_bsp/\libucosii_bsp.a(osportco.o)
                0x00826534                LOCK_NET_RESOURCE
                0x008265f4                UNLOCK_NET_RESOURCE
                0x0082667c                TK_NEWTASK
                0x00826890                wait_app_sem
                0x00826944                post_app_sem
 .text          0x008269bc      0x568 ../simple_socket_bsp/\libucosii_bsp.a(targnios.o)
                0x008269bc                alt_iniche_init
                0x00826bd8                pre_task_setup
                0x00826c4c                post_task_setup
                0x00826c6c                prep_armintcp
                0x00826ca4                calloc2
                0x00826cd8                npalloc
                0x00826dcc                npfree
                0x00826e84                ncpalloc
                0x00826ed8                ncpfree
 .text          0x00826f24     0x19b8 ../simple_socket_bsp/\libucosii_bsp.a(nptcp.o)
                0x00826f24                pffindtype
                0x00826fc4                pffindproto
                0x00827094                m_getnbuf
                0x0082723c                m_free
                0x00827370                m_freem
                0x008273b4                m_copy
                0x008276d8                m_adj
                0x008278a8                mbuf_len
                0x00827900                dtom
                0x008279a8                remque
                0x00827a18                insque
                0x00827a94                nptcp_init
                0x00827bb8                tcp_rcv
                0x00827da4                ip_output
                0x0082839c                in_broadcast
                0x008283dc                np_stripoptions
                0x008284c4                so_icmpdu
                0x0082881c                tcp_tick
 .text          0x008288dc      0xa2c ../simple_socket_bsp/\libucosii_bsp.a(rawsock.o)
                0x008288dc                rawip_lookup
                0x0082894c                rawip_soinput
                0x00828b20                rawip_usrreq
 .text          0x00829308     0x17fc ../simple_socket_bsp/\libucosii_bsp.a(sockcall.o)
                0x00829308                DOMAIN_CHECK
                0x00829354                t_socket
                0x008293e4                t_bind
                0x00829560                t_listen
                0x00829644                t_accept
                0x008298dc                t_connect
                0x00829b84                t_getpeername
                0x00829bc8                t_getsockname
                0x00829e08                t_setsockopt
                0x00829fe4                t_getsockopt
                0x0082a188                t_recv
                0x0082a278                t_recvfrom
                0x0082a3c8                t_sendto
                0x0082a5f4                t_send
                0x0082a81c                t_shutdown
                0x0082a900                t_socketclose
                0x0082aa68                t_errno
 .text          0x0082ab04     0x23ec ../simple_socket_bsp/\libucosii_bsp.a(socket.o)
                0x0082ab04                socreate
                0x0082acd0                sobind
                0x0082ad2c                solisten
                0x0082ae1c                sofree
                0x0082af4c                soclose
                0x0082b2b8                soabort
                0x0082b308                soaccept
                0x0082b3a4                soconnect
                0x0082b478                sodisconnect
                0x0082b518                sosend
                0x0082bb20                soreceive
                0x0082c304                soshutdown
                0x0082c3ac                sorflush
                0x0082c4ac                sosetopt
                0x0082c96c                sogetopt
                0x0082ceac                sohasoutofband
 .text          0x0082cef0     0x1318 ../simple_socket_bsp/\libucosii_bsp.a(socket2.o)
                0x0082cef0                soisconnecting
                0x0082cf5c                soisconnected
                0x0082d058                soisdisconnecting
                0x0082d0e4                soisdisconnected
                0x0082d1a0                sonewconn
                0x0082d3bc                soqinsque
                0x0082d468                soqremque
                0x0082d588                socantsendmore
                0x0082d5d8                socantrcvmore
                0x0082d628                sbselqueue
                0x0082d660                sbwait
                0x0082d6c8                sbwakeup
                0x0082d764                soreserve
                0x0082d7e4                sbreserve
                0x0082d844                sbrelease
                0x0082d88c                sbappend
                0x0082d934                sbappendrecord
                0x0082da14                sbappendaddr
                0x0082dc1c                sbcompress
                0x0082de04                sbflush
                0x0082de94                sbdrop
                0x0082e064                sbdropend
                0x0082e174                sbdroprecord
 .text          0x0082e208      0x914 ../simple_socket_bsp/\libucosii_bsp.a(soselect.o)
                0x0082e208                t_select
                0x0082e428                sock_selscan
                0x0082e580                sock_select
                0x0082e794                in_pcbnotify
                0x0082e860                tcp_notify
                0x0082e8c8                ifd_clr
                0x0082e9b8                ifd_set
                0x0082ea2c                ifd_isset
                0x0082eaac                ifd_get
 .text          0x0082eb1c     0x3020 ../simple_socket_bsp/\libucosii_bsp.a(tcp_in.o)
                0x0082eb1c                tcp_reass
                0x0082ef24                tcp_input
                0x00831478                tcp_dooptions
                0x00831608                tcp_pulloutofband
                0x00831734                tcp_xmit_timer
                0x008319d8                ip4_tcpmss
                0x00831a20                tcp_mss
 .text          0x00831b3c     0x1360 ../simple_socket_bsp/\libucosii_bsp.a(tcp_out.o)
                0x00831b3c                tcp_output
                0x00832cb8                tcp_setpersist
 .text          0x00832e9c      0x9e8 ../simple_socket_bsp/\libucosii_bsp.a(tcp_subr.o)
                0x00832e9c                tcp_init
                0x00832ef4                tcp_template
                0x0083300c                tcp_respond
                0x00833494                tcp_newtcpcb
                0x008335ac                tcp_drop
                0x00833658                tcp_close
                0x00833740                tcp_quench
                0x0083378c                tcp_putseq
                0x0083380c                tcp_getseq
 .text          0x00833884      0x798 ../simple_socket_bsp/\libucosii_bsp.a(tcp_timr.o)
                0x00833884                tcp_slowtimo
                0x00833b24                tcp_canceltimers
                0x00833b80                tcp_timers
 .text          0x0083401c      0x9ec ../simple_socket_bsp/\libucosii_bsp.a(tcp_usr.o)
                0x0083401c                tcp_usrreq
                0x00834720                tcp_attach
                0x00834854                tcp_disconnect
                0x00834928                tcp_usrclosed
 .text          0x00834a08       0x4c ../simple_socket_bsp/\libucosii_bsp.a(tcpport.o)
                0x00834a08                tcpinit
 .text          0x00834a54      0xd20 ../simple_socket_bsp/\libucosii_bsp.a(udpsock.o)
                0x00834a54                udp_lookup
                0x00834ac4                udp_soinput
                0x00834c7c                udp_usrreq
                0x00834f00                udp4_sockbind
                0x0083523c                udp4_socksend
                0x00835618                udp4_sockaddr
 .text          0x00835774      0x154 ../simple_socket_bsp/\libucosii_bsp.a(alt_alarm_start.o)
                0x00835774                alt_alarm_start
 .text          0x008358c8      0x14c ../simple_socket_bsp/\libucosii_bsp.a(alt_busy_sleep.o)
                0x008358c8                alt_busy_sleep
 .text          0x00835a14      0x15c ../simple_socket_bsp/\libucosii_bsp.a(alt_close.o)
                0x00835a14                alt_close
 .text          0x00835b70       0x78 ../simple_socket_bsp/\libucosii_bsp.a(alt_dcache_flush.o)
                0x00835b70                alt_dcache_flush
 .text          0x00835be8       0x2c ../simple_socket_bsp/\libucosii_bsp.a(alt_dev.o)
 .text          0x00835c14      0x114 ../simple_socket_bsp/\libucosii_bsp.a(alt_dev_llist_insert.o)
                0x00835c14                alt_dev_llist_insert
 .text          0x00835d28       0x64 ../simple_socket_bsp/\libucosii_bsp.a(alt_do_ctors.o)
                0x00835d28                _do_ctors
 .text          0x00835d8c       0x64 ../simple_socket_bsp/\libucosii_bsp.a(alt_do_dtors.o)
                0x00835d8c                _do_dtors
 .text          0x00835df0        0x0 ../simple_socket_bsp/\libucosii_bsp.a(alt_errno.o)
 .text          0x00835df0       0x94 ../simple_socket_bsp/\libucosii_bsp.a(alt_find_dev.o)
                0x00835df0                alt_find_dev
 .text          0x00835e84      0x1d4 ../simple_socket_bsp/\libucosii_bsp.a(alt_iic.o)
                0x00835e84                alt_ic_isr_register
                0x00835ed4                alt_ic_irq_enable
                0x00835f70                alt_ic_irq_disable
                0x00836010                alt_ic_irq_enabled
 .text          0x00836058       0xf8 ../simple_socket_bsp/\libucosii_bsp.a(alt_iic_isr_register.o)
                0x00836058                alt_iic_isr_register
 .text          0x00836150      0x13c ../simple_socket_bsp/\libucosii_bsp.a(alt_io_redirect.o)
                0x00836214                alt_io_redirect
 .text          0x0083628c        0x0 ../simple_socket_bsp/\libucosii_bsp.a(alt_irq_entry.o)
 .text          0x0083628c        0x0 ../simple_socket_bsp/\libucosii_bsp.a(alt_irq_handler.o)
 .text          0x0083628c      0x2c4 ../simple_socket_bsp/\libucosii_bsp.a(alt_open.o)
                0x00836368                open
 .text          0x00836550      0x180 ../simple_socket_bsp/\libucosii_bsp.a(alt_read.o)
                0x00836550                alt_read
 .text          0x008366d0       0x60 ../simple_socket_bsp/\libucosii_bsp.a(alt_release_fd.o)
                0x008366d0                alt_release_fd
 .text          0x00836730       0x38 ../simple_socket_bsp/\libucosii_bsp.a(alt_remap_cached.o)
                0x00836730                alt_remap_cached
 .text          0x00836768       0x40 ../simple_socket_bsp/\libucosii_bsp.a(alt_remap_uncached.o)
                0x00836768                alt_remap_uncached
 .text          0x008367a8      0x1a8 ../simple_socket_bsp/\libucosii_bsp.a(alt_tick.o)
                0x008367a8                alt_alarm_stop
                0x00836840                alt_tick
 .text          0x00836950      0x180 ../simple_socket_bsp/\libucosii_bsp.a(alt_write.o)
                0x00836950                alt_write
 .text          0x00836ad0       0x20 ../simple_socket_bsp/\libucosii_bsp.a(altera_nios2_qsys_irq.o)
                0x00836ad0                altera_nios2_qsys_irq_init
 .text          0x00836af0       0xd0 ../simple_socket_bsp/\libucosii_bsp.a(os_cpu_a.o)
                0x00836af0                OSCtxSw
                0x00836af0                OSIntCtxSw
                0x00836b7c                OSStartHighRdy
                0x00836b9c                OSStartTsk
 .text          0x00836bc0      0x424 ../simple_socket_bsp/\libucosii_bsp.a(os_cpu_c.o)
                0x00836bc0                OSTaskStkInit
                0x00836ed0                OSTaskCreateHook
                0x00836ef0                OSTaskDelHook
                0x00836f10                OSTaskSwHook
                0x00836f2c                OSTaskStatHook
                0x00836f48                OSTimeTickHook
                0x00836f70                OSInitHookBegin
                0x00836f8c                OSInitHookEnd
                0x00836fa8                OSTaskIdleHook
                0x00836fc4                OSTCBInitHook
 .text          0x00836fe4      0x460 ../simple_socket_bsp/\libucosii_bsp.a(altera_avalon_cfi_flash_amd.o)
                0x00836fe4                alt_program_amd
                0x0083704c                alt_erase_block_amd
 .text          0x00837444      0x460 ../simple_socket_bsp/\libucosii_bsp.a(altera_avalon_cfi_flash_intel.o)
                0x00837444                alt_program_intel
                0x008374c8                alt_erase_block_intel
 .text          0x008378a4      0x238 ../simple_socket_bsp/\libucosii_bsp.a(altera_avalon_spi.o)
                0x008378a4                alt_avalon_spi_command
 .text          0x00837adc      0x444 ../simple_socket_bsp/\libucosii_bsp.a(allports.o)
                0x00837adc                netmain_init
                0x00837bd8                icmp_port_du
                0x00837c60                station_state
                0x00837dc4                sysuptime
                0x00837e58                packet_check
                0x00837ea4                mcastlist
                0x00837ec8                prep_modules
 .text          0x00837f20      0x580 ../simple_socket_bsp/\libucosii_bsp.a(timeouts.o)
                0x00837f20                inet_timer
                0x00838220                in_timerset
                0x008383f8                in_timerkill
 .text          0x008384a0       0xa4 ../simple_socket_bsp/\libucosii_bsp.a(tk_misc.o)
                0x008384a0                create_apptasks
                0x008384c4                task_stats
 .text          0x00838544       0xb0 ../simple_socket_bsp/\libucosii_bsp.a(alt_iniche_fcntl.o)
                0x00838544                fcntl
 .text          0x008385f4     0x15b0 ../simple_socket_bsp/\libucosii_bsp.a(et_arp.o)
                0x008385f4                etainit
                0x00838648                et_send
                0x008387c4                arp_free_pending
                0x0083884c                arp_send_pending
                0x008388c0                send_arp
                0x00838d58                find_oldest_arp
                0x00838f54                make_arp_entry
                0x00839068                arpReply
                0x008392fc                arprcv
                0x0083955c                send_via_arp
                0x0083972c                cb_arpent_tmo
                0x008398d8                grat_arp
 .text          0x00839ba4      0x298 ../simple_socket_bsp/\libucosii_bsp.a(iface.o)
                0x00839ba4                if_getbynum
                0x00839c28                isbcast
                0x00839d08                reg_type
                0x00839da4                if_killsocks
 .text          0x00839e3c     0x22a4 ../simple_socket_bsp/\libucosii_bsp.a(ip.o)
                0x00839e3c                ip_init
                0x00839f38                ip_bldhead
                0x0083a0dc                ip_write_internal
                0x0083a85c                ip_write
                0x0083aaa4                ip_write2
                0x0083ae54                ip_raw_write
                0x0083af2c                ip_fragment_lc
                0x0083b3b4                ip_fragment
                0x0083b9d8                ip_mymach
                0x0083ba84                ip_dump
                0x0083bd3c                iproute
                0x0083bfa8                ip_copypkt
 .text          0x0083c0e0     0x1e08 ../simple_socket_bsp/\libucosii_bsp.a(ip_reasm.o)
                0x0083c0e0                ip_reasm_match_frag_with_ire
                0x0083c1b0                ip_reasm_determine_type_of_frag
                0x0083c29c                ip_reasm_check_mem_useage
                0x0083c334                ip_reasm_incr_mem_useage
                0x0083c3dc                ip_reasm_decr_mem_useage
                0x0083c47c                ip_reasm_process_first_fragment
                0x0083c75c                ip_reassm
                0x0083c7fc                ip_reasm_compute_overlap
                0x0083cd8c                ip_reasm_process_subsequent_fragments
                0x0083d320                ip_reasm_find_ire
                0x0083d384                ip_reasm_copy_queued_fragments_into_reassy_buffer
                0x0083d6e0                ip_reasm_process_timer_tick
                0x0083d800                ip_reasm_delete_ire
                0x0083d9c8                ip_reasm_mark_compact_rfq
                0x0083db10                ipr_stats
                0x0083de94                ip_reasm_send_icmp_timex
 .text          0x0083dee8      0xe3c ../simple_socket_bsp/\libucosii_bsp.a(ipdemux.o)
                0x0083dee8                ip_rcv
                0x0083e2e8                ip_rcv_phase2
                0x0083e8f4                ip_demux
 .text          0x0083ed24      0x2f0 ../simple_socket_bsp/\libucosii_bsp.a(ipmc.o)
                0x0083ed24                in_addmulti
                0x0083ee8c                in_delmulti
                0x0083efa4                lookup_mcast
 .text          0x0083f014       0xe4 ../simple_socket_bsp/\libucosii_bsp.a(ipport.o)
                0x0083f014                prep_ifaces
                0x0083f0a8                netexit
                0x0083f0d0                evtmap_setup
 .text          0x0083f0f8      0x550 ../simple_socket_bsp/\libucosii_bsp.a(ipraw.o)
                0x0083f0f8                ip_raw_open
                0x0083f1e8                ip_raw_close
                0x0083f2a8                ip_raw_input
                0x0083f4e0                ip_raw_alloc
                0x0083f5ac                ip_raw_free
                0x0083f5ec                ip_raw_maxalloc
 .text          0x0083f648      0x6f0 ../simple_socket_bsp/\libucosii_bsp.a(iproute.o)
                0x0083f648                rt_lookup
                0x0083f7cc                add_route
                0x0083fbf4                del_route
 .text          0x0083fd38      0xe3c ../simple_socket_bsp/\libucosii_bsp.a(udp.o)
                0x0083fd38                udpdemux
                0x00840590                udp_send
                0x00840848                udpswap
                0x00840978                udp_socket
                0x00840a48                udp_alloc
                0x00840b08                udp_maxalloc
                0x00840b34                udp_free
 .text          0x00840b74      0x2e8 ../simple_socket_bsp/\libucosii_bsp.a(igmp.o)
                0x00840b74                igmpv1_input
 .text          0x00840e5c      0x7c0 ../simple_socket_bsp/\libucosii_bsp.a(igmp2.o)
                0x00840e5c                igmpv2_input
                0x00840fbc                igmpv2_process_report
                0x00841108                igmpv2_process_query
                0x00841354                igmpv2_chk_set_timer
                0x008414ac                igmpv2_chk4_rtr_alert_opt
 .text          0x0084161c      0x8fc ../simple_socket_bsp/\libucosii_bsp.a(ipopt.o)
                0x0084161c                IPADDR_TO_NETP
                0x00841764                ip_setmoptions
                0x00841d54                ip_getmoptions
                0x00841e94                ip_freemoptions
 .text          0x00841f18      0x6e8 ../simple_socket_bsp/\libucosii_bsp.a(u_mctest.o)
                0x00841f18                u_mctest_init
                0x00841f48                u_mctest_run
 .text          0x00842600      0x3d0 ../simple_socket_bsp/\libucosii_bsp.a(dhcsetup.o)
                0x00842600                dhc_setup
                0x008428cc                dhc_main_ipset
 .text          0x008429d0      0x40c ../simple_socket_bsp/\libucosii_bsp.a(memdev.o)
                0x008429d0                init_memdev
                0x00842a48                md_fopen
                0x00842a70                md_fclose
                0x00842a90                md_fread
                0x00842c10                md_fwrite
                0x00842c90                md_fseek
                0x00842cbc                md_ftell
                0x00842ce0                md_fgetc
                0x00842db8                md_unlink
 .text          0x00842ddc      0x1cc ../simple_socket_bsp/\libucosii_bsp.a(tcpcksum.o)
                0x00842ddc                tcp_cksum
 .text          0x00842fa8      0x900 ../simple_socket_bsp/\libucosii_bsp.a(in_pcb.o)
                0x00842fa8                in_pcballoc
                0x0084303c                in_pcbdetach
                0x00843090                in_pcbbind
                0x008432e4                in_pcbconnect
                0x008434f4                in_pcbdisconnect
                0x00843554                in_setsockaddr
                0x008435d0                in_setpeeraddr
                0x0084364c                in_pcblookup
 .text          0x008438a8     0x1a74 ../simple_socket_bsp/\libucosii_bsp.a(vfsfiles.o)
                0x008438a8                set_vfopen_error
                0x008438d0                get_vfopen_error
                0x008438f0                vf_alloc_and_link_vop
                0x0084396c                vf_alloc_buffer
                0x00843a44                vf_free_buffer
                0x00843a94                vfopen_locked
                0x00843dfc                vfopen
                0x00843e4c                vfclose_locked
                0x00843ff4                vfclose
                0x00844034                vfflush
                0x0084407c                vfgets
                0x00844160                vfeof
                0x008441b8                vunlink_flag_open_files
                0x00844214                vunlink
                0x00844434                vfread
                0x008445e0                vfwrite_locked
                0x008449c8                vfwrite
                0x00844a28                vfseek
                0x00844ba4                vftell
                0x00844cd8                vgetc_locked
                0x00844df8                vgetc
                0x00844e40                vfslookup_locked
                0x00844f78                vfslookup
                0x00844fc0                strippath
                0x008451a8                isvfile_locked
                0x0084520c                isvfile
                0x00845254                vferror
                0x008452c0                vclearerr
 .text          0x0084531c       0x24 ../simple_socket_bsp/\libucosii_bsp.a(vfsport.o)
                0x0084531c                prep_vfs
 .text          0x00845340        0x0 ../simple_socket_bsp/\libucosii_bsp.a(alt_exception_entry.o)
 .text          0x00845340      0x1b4 ../simple_socket_bsp/\libucosii_bsp.a(alt_fcntl.o)
                0x00845340                alt_fcntl
 .text          0x008454f4      0x120 ../simple_socket_bsp/\libucosii_bsp.a(alt_find_file.o)
                0x008454f4                alt_find_file
 .text          0x00845614       0xf4 ../simple_socket_bsp/\libucosii_bsp.a(alt_get_fd.o)
                0x00845614                alt_get_fd
 .text          0x00845708     0x130c ../simple_socket_bsp/\libucosii_bsp.a(icmp.o)
                0x00845708                icmprcv
                0x0084633c                icmp_destun
                0x0084668c                icmp_timex
                0x008469c0                icmp_du
 .text          0x00846a14       0x14 j:/altera/13.0sp1/nios2eds/bin/gnu/h-i686-mingw32/bin/../lib/gcc/nios2-elf/4.1.2/../../../../nios2-elf/lib\libc.a(lib_a-atexit.o)
                0x00846a14                atexit
 .text          0x00846a28       0x18 j:/altera/13.0sp1/nios2eds/bin/gnu/h-i686-mingw32/bin/../lib/gcc/nios2-elf/4.1.2/../../../../nios2-elf/lib\libc.a(lib_a-atoi.o)
                0x00846a28                _atoi_r
                0x00846a34                atoi
 .text          0x00846a40       0x1c j:/altera/13.0sp1/nios2eds/bin/gnu/h-i686-mingw32/bin/../lib/gcc/nios2-elf/4.1.2/../../../../nios2-elf/lib\libc.a(lib_a-calloc.o)
                0x00846a40                calloc
 .text          0x00846a5c       0x28 j:/altera/13.0sp1/nios2eds/bin/gnu/h-i686-mingw32/bin/../lib/gcc/nios2-elf/4.1.2/../../../../nios2-elf/lib\libc.a(lib_a-malloc.o)
                0x00846a5c                free
                0x00846a70                malloc
 .text          0x00846a84       0x74 j:/altera/13.0sp1/nios2eds/bin/gnu/h-i686-mingw32/bin/../lib/gcc/nios2-elf/4.1.2/../../../../nios2-elf/lib\libc.a(lib_a-memcmp.o)
                0x00846a84                memcmp
 .text          0x00846af8       0xd4 j:/altera/13.0sp1/nios2eds/bin/gnu/h-i686-mingw32/bin/../lib/gcc/nios2-elf/4.1.2/../../../../nios2-elf/lib\libc.a(lib_a-sprintf.o)
                0x00846af8                sprintf
                0x00846b6c                _sprintf_r
 .text          0x00846bcc       0x8c j:/altera/13.0sp1/nios2eds/bin/gnu/h-i686-mingw32/bin/../lib/gcc/nios2-elf/4.1.2/../../../../nios2-elf/lib\libc.a(lib_a-strcpy.o)
                0x00846bcc                strcpy
 .text          0x00846c58       0xf0 j:/altera/13.0sp1/nios2eds/bin/gnu/h-i686-mingw32/bin/../lib/gcc/nios2-elf/4.1.2/../../../../nios2-elf/lib\libc.a(lib_a-strncmp.o)
                0x00846c58                strncmp
 .text          0x00846d48       0xbc j:/altera/13.0sp1/nios2eds/bin/gnu/h-i686-mingw32/bin/../lib/gcc/nios2-elf/4.1.2/../../../../nios2-elf/lib\libc.a(lib_a-strncpy.o)
                0x00846d48                strncpy
 .text          0x00846e04      0x268 j:/altera/13.0sp1/nios2eds/bin/gnu/h-i686-mingw32/bin/../lib/gcc/nios2-elf/4.1.2/../../../../nios2-elf/lib\libc.a(lib_a-strtol.o)
                0x00846e04                _strtol_r
                0x00847048                strtol
 .text          0x0084706c       0x34 j:/altera/13.0sp1/nios2eds/bin/gnu/h-i686-mingw32/bin/../lib/gcc/nios2-elf/4.1.2/../../../../nios2-elf/lib\libc.a(lib_a-vprintf.o)
                0x0084706c                _vprintf_r
                0x00847080                vprintf
 .text          0x008470a0       0x74 j:/altera/13.0sp1/nios2eds/bin/gnu/h-i686-mingw32/bin/../lib/gcc/nios2-elf/4.1.2/../../../../nios2-elf/lib\libc.a(lib_a-vsprintf.o)
                0x008470a0                _vsprintf_r
                0x008470f0                vsprintf
 .text          0x00847114      0x134 j:/altera/13.0sp1/nios2eds/bin/gnu/h-i686-mingw32/bin/../lib/gcc/nios2-elf/4.1.2/../../../../nios2-elf/lib\libc.a(lib_a-__atexit.o)
                0x00847114                __register_exitproc
 *(.gnu.warning.*)
 *(.fini)
                0x00847248                PROVIDE (__etext, ABSOLUTE (.))
                0x00847248                PROVIDE (_etext, ABSOLUTE (.))
                0x00847248                PROVIDE (etext, ABSOLUTE (.))
 *(.eh_frame_hdr)
                0x00847248                . = ALIGN (0x4)
                0x00847248                PROVIDE (__preinit_array_start, ABSOLUTE (.))
 *(.preinit_array)
                0x00847248                PROVIDE (__preinit_array_end, ABSOLUTE (.))
                0x00847248                PROVIDE (__init_array_start, ABSOLUTE (.))
 *(.init_array)
                0x00847248                PROVIDE (__init_array_end, ABSOLUTE (.))
                0x00847248                PROVIDE (__fini_array_start, ABSOLUTE (.))
 *(.fini_array)
                0x00847248                PROVIDE (__fini_array_end, ABSOLUTE (.))
 *(.eh_frame)
 *(.gcc_except_table)
 *(.dynamic)
                0x00847248                PROVIDE (__CTOR_LIST__, ABSOLUTE (.))
 *(.ctors)
 *(SORT(.ctors.*))
 .ctors.65535   0x00847248        0x4 j:/altera/13.0sp1/nios2eds/bin/gnu/h-i686-mingw32/bin/../lib/gcc/nios2-elf/4.1.2/../../../../nios2-elf/lib\libc.a(lib_a-__call_atexit.o)
                0x0084724c                PROVIDE (__CTOR_END__, ABSOLUTE (.))
                0x0084724c                PROVIDE (__DTOR_LIST__, ABSOLUTE (.))
 *(.dtors)
 *(SORT(.dtors.*))
                0x0084724c                PROVIDE (__DTOR_END__, ABSOLUTE (.))
 *(.jcr)
                0x0084724c                . = ALIGN (0x4)

.rodata         0x0084724c     0x4290
                0x0084724c                PROVIDE (__ram_rodata_start, ABSOLUTE (.))
                0x0084724c                . = ALIGN (0x4)
 *(.rodata .rodata.* .gnu.linkonce.r.*)
 .rodata        0x0084724c       0x60 obj/default/LCD.o
 .rodata        0x008472ac       0xa8 obj/default/SSS_DE2_115.o
 .rodata        0x00847354      0xba4 obj/default/alt_error_handler.o
 .rodata        0x00847ef8       0x64 obj/default/dm9000a.o
 .rodata        0x00847f5c      0x174 obj/default/iniche_init.o
 .rodata        0x008480d0      0x234 obj/default/network_utilities.o
 .rodata        0x00848304      0x2e0 obj/default/simple_socket_server.o
 .rodata        0x008485e4       0x14 j:/altera/13.0sp1/nios2eds/bin/gnu/h-i686-mingw32/bin/../lib/gcc/nios2-elf/4.1.2\libgcc.a(_thenan_df.o)
                0x008485e4                __thenan_df
 .rodata        0x008485f8      0x100 j:/altera/13.0sp1/nios2eds/bin/gnu/h-i686-mingw32/bin/../lib/gcc/nios2-elf/4.1.2\libgcc.a(_clz.o)
                0x008485f8                __clz_tab
 .rodata        0x008486f8      0x281 j:/altera/13.0sp1/nios2eds/bin/gnu/h-i686-mingw32/bin/../lib/gcc/nios2-elf/4.1.2/../../../../nios2-elf/lib\libc.a(lib_a-ctype_.o)
                0x008486f8                _ctype_
 *fill*         0x00848979        0x3 00
 .rodata.str1.4
                0x0084897c        0x2 j:/altera/13.0sp1/nios2eds/bin/gnu/h-i686-mingw32/bin/../lib/gcc/nios2-elf/4.1.2/../../../../nios2-elf/lib\libc.a(lib_a-impure.o)
                                  0x4 (size before relaxing)
 *fill*         0x0084897e        0x2 00
 .rodata.str1.4
                0x00848980        0x3 j:/altera/13.0sp1/nios2eds/bin/gnu/h-i686-mingw32/bin/../lib/gcc/nios2-elf/4.1.2/../../../../nios2-elf/lib\libc.a(lib_a-perror.o)
                                  0x4 (size before relaxing)
 *fill*         0x00848983        0x1 00
 .rodata.str1.4
                0x00848984        0x2 j:/altera/13.0sp1/nios2eds/bin/gnu/h-i686-mingw32/bin/../lib/gcc/nios2-elf/4.1.2/../../../../nios2-elf/lib\libc.a(lib_a-puts.o)
                                  0x4 (size before relaxing)
 *fill*         0x00848986        0x2 00
 .rodata.str1.4
                0x00848988      0x7a2 j:/altera/13.0sp1/nios2eds/bin/gnu/h-i686-mingw32/bin/../lib/gcc/nios2-elf/4.1.2/../../../../nios2-elf/lib\libc.a(lib_a-strerror.o)
                                0x7a8 (size before relaxing)
 *fill*         0x0084912a        0x2 00
 .rodata.str1.4
                0x0084912c       0x5e j:/altera/13.0sp1/nios2eds/bin/gnu/h-i686-mingw32/bin/../lib/gcc/nios2-elf/4.1.2/../../../../nios2-elf/lib\libc.a(lib_a-vfprintf.o)
                                 0x60 (size before relaxing)
 .rodata        0x0084918a       0x20 j:/altera/13.0sp1/nios2eds/bin/gnu/h-i686-mingw32/bin/../lib/gcc/nios2-elf/4.1.2/../../../../nios2-elf/lib\libc.a(lib_a-vfprintf.o)
 *fill*         0x008491aa        0x2 00
 .rodata.str1.4
                0x008491ac       0x10 j:/altera/13.0sp1/nios2eds/bin/gnu/h-i686-mingw32/bin/../lib/gcc/nios2-elf/4.1.2/../../../../nios2-elf/lib\libc.a(lib_a-dtoa.o)
                                 0x14 (size before relaxing)
 .rodata.str1.4
                0x008491bc       0x10 j:/altera/13.0sp1/nios2eds/bin/gnu/h-i686-mingw32/bin/../lib/gcc/nios2-elf/4.1.2/../../../../nios2-elf/lib\libc.a(lib_a-locale.o)
                                 0x18 (size before relaxing)
 .rodata        0x008491cc       0x30 j:/altera/13.0sp1/nios2eds/bin/gnu/h-i686-mingw32/bin/../lib/gcc/nios2-elf/4.1.2/../../../../nios2-elf/lib\libc.a(lib_a-locale.o)
 .rodata        0x008491fc      0x124 j:/altera/13.0sp1/nios2eds/bin/gnu/h-i686-mingw32/bin/../lib/gcc/nios2-elf/4.1.2/../../../../nios2-elf/lib\libc.a(lib_a-mprec.o)
                0x008491fc                __mprec_tens
                0x008492c4                __mprec_bigtens
                0x008492ec                __mprec_tinytens
 .rodata        0x00849320       0x14 ../simple_socket_bsp/\libucosii_bsp.a(alt_main.o)
 .rodata        0x00849334      0x120 ../simple_socket_bsp/\libucosii_bsp.a(os_core.o)
                0x00849334                OSUnMapTbl
 .rodata        0x00849454       0x60 ../simple_socket_bsp/\libucosii_bsp.a(alt_sys_init.o)
 .rodata        0x008494b4       0xd8 ../simple_socket_bsp/\libucosii_bsp.a(ipnet.o)
 .rodata        0x0084958c       0xec ../simple_socket_bsp/\libucosii_bsp.a(ipstart.o)
 .rodata        0x00849678      0x54c ../simple_socket_bsp/\libucosii_bsp.a(igmp_cmn.o)
 .rodata        0x00849bc4       0xb8 ../simple_socket_bsp/\libucosii_bsp.a(in_utils.o)
 .rodata        0x00849c7c       0x34 ../simple_socket_bsp/\libucosii_bsp.a(netmain.o)
 .rodata        0x00849cb0       0x94 ../simple_socket_bsp/\libucosii_bsp.a(parseip.o)
 .rodata        0x00849d44      0x1a8 ../simple_socket_bsp/\libucosii_bsp.a(tk_crnos.o)
 .rodata        0x00849eec        0x8 ../simple_socket_bsp/\libucosii_bsp.a(dhcpclnt.o)
 .rodata        0x00849ef4      0x118 ../simple_socket_bsp/\libucosii_bsp.a(pktalloc.o)
 .rodata        0x0084a00c       0x84 ../simple_socket_bsp/\libucosii_bsp.a(udp_open.o)
 .rodata        0x0084a090       0x2c ../simple_socket_bsp/\libucosii_bsp.a(brdutils.o)
 .rodata        0x0084a0bc      0x26c ../simple_socket_bsp/\libucosii_bsp.a(osportco.o)
 .rodata        0x0084a328       0xa0 ../simple_socket_bsp/\libucosii_bsp.a(targnios.o)
 .rodata        0x0084a3c8       0x90 ../simple_socket_bsp/\libucosii_bsp.a(nptcp.o)
 .rodata        0x0084a458        0x8 ../simple_socket_bsp/\libucosii_bsp.a(sockcall.o)
 .rodata        0x0084a460       0x50 ../simple_socket_bsp/\libucosii_bsp.a(socket.o)
 .rodata        0x0084a4b0       0x40 ../simple_socket_bsp/\libucosii_bsp.a(socket2.o)
 .rodata        0x0084a4f0       0x20 ../simple_socket_bsp/\libucosii_bsp.a(tcp_in.o)
 .rodata        0x0084a510       0x40 ../simple_socket_bsp/\libucosii_bsp.a(tcp_out.o)
 .rodata        0x0084a550       0x24 ../simple_socket_bsp/\libucosii_bsp.a(tcp_subr.o)
 .rodata        0x0084a574       0x2c ../simple_socket_bsp/\libucosii_bsp.a(tcp_usr.o)
 .rodata        0x0084a5a0        0xc ../simple_socket_bsp/\libucosii_bsp.a(alt_dev.o)
 .rodata        0x0084a5ac        0x4 ../simple_socket_bsp/\libucosii_bsp.a(os_cpu_c.o)
 .rodata        0x0084a5b0      0x1d4 ../simple_socket_bsp/\libucosii_bsp.a(allports.o)
 .rodata        0x0084a784       0x34 ../simple_socket_bsp/\libucosii_bsp.a(tk_misc.o)
 .rodata        0x0084a7b8       0x44 ../simple_socket_bsp/\libucosii_bsp.a(et_arp.o)
 .rodata        0x0084a7fc      0x1dc ../simple_socket_bsp/\libucosii_bsp.a(ip.o)
 .rodata        0x0084a9d8      0x158 ../simple_socket_bsp/\libucosii_bsp.a(ip_reasm.o)
 .rodata        0x0084ab30      0x120 ../simple_socket_bsp/\libucosii_bsp.a(ipdemux.o)
 .rodata        0x0084ac50       0x34 ../simple_socket_bsp/\libucosii_bsp.a(ipport.o)
 .rodata        0x0084ac84       0x24 ../simple_socket_bsp/\libucosii_bsp.a(ipraw.o)
 .rodata        0x0084aca8       0x38 ../simple_socket_bsp/\libucosii_bsp.a(iproute.o)
 .rodata        0x0084ace0       0xe8 ../simple_socket_bsp/\libucosii_bsp.a(udp.o)
 .rodata        0x0084adc8      0x2d0 ../simple_socket_bsp/\libucosii_bsp.a(u_mctest.o)
 .rodata        0x0084b098       0xf8 ../simple_socket_bsp/\libucosii_bsp.a(dhcsetup.o)
 .rodata        0x0084b190       0x34 ../simple_socket_bsp/\libucosii_bsp.a(vfsfiles.o)
 .rodata        0x0084b1c4      0x318 ../simple_socket_bsp/\libucosii_bsp.a(icmp.o)
 *(.rodata1)
                0x0084b4dc                . = ALIGN (0x4)
                0x0084b4dc                PROVIDE (__ram_rodata_end, ABSOLUTE (.))
                0x0084724c                PROVIDE (__flash_rodata_start, LOADADDR (.rodata))

.rwdata         0x0084b4dc     0x213c
                0x0084b4dc                PROVIDE (__ram_rwdata_start, ABSOLUTE (.))
                0x0084b4dc                . = ALIGN (0x4)
 *(.got.plt)
 *(.got)
 *(.data1)
 *(.data .data.* .gnu.linkonce.d.*)
 .data          0x0084b4dc        0x0 ../simple_socket_bsp//obj/HAL/src/crt0.o
 .data          0x0084b4dc        0x0 obj/default/LCD.o
 .data          0x0084b4dc        0x0 obj/default/SSS_DE2_115.o
 .data          0x0084b4dc        0x0 obj/default/alt_error_handler.o
 .data          0x0084b4dc        0x0 obj/default/dm9000a.o
 .data          0x0084b4dc       0x18 obj/default/iniche_init.o
                0x0084b4dc                ssstask
 .data          0x0084b4f4        0x0 obj/default/led.o
 .data          0x0084b4f4        0x0 obj/default/network_utilities.o
 .data          0x0084b4f4        0x0 obj/default/simple_socket_server.o
 .data          0x0084b4f4        0x0 obj/default/tse_my_system.o
 .data          0x0084b4f4        0x0 j:/altera/13.0sp1/nios2eds/bin/gnu/h-i686-mingw32/bin/../lib/gcc/nios2-elf/4.1.2\libgcc.a(_fixunsdfsi.o)
 .data          0x0084b4f4        0x0 j:/altera/13.0sp1/nios2eds/bin/gnu/h-i686-mingw32/bin/../lib/gcc/nios2-elf/4.1.2\libgcc.a(_addsub_df.o)
 .data          0x0084b4f4        0x0 j:/altera/13.0sp1/nios2eds/bin/gnu/h-i686-mingw32/bin/../lib/gcc/nios2-elf/4.1.2\libgcc.a(_mul_df.o)
 .data          0x0084b4f4        0x0 j:/altera/13.0sp1/nios2eds/bin/gnu/h-i686-mingw32/bin/../lib/gcc/nios2-elf/4.1.2\libgcc.a(_ge_df.o)
 .data          0x0084b4f4        0x0 j:/altera/13.0sp1/nios2eds/bin/gnu/h-i686-mingw32/bin/../lib/gcc/nios2-elf/4.1.2\libgcc.a(_df_to_si.o)
 .data          0x0084b4f4        0x0 j:/altera/13.0sp1/nios2eds/bin/gnu/h-i686-mingw32/bin/../lib/gcc/nios2-elf/4.1.2\libgcc.a(_thenan_df.o)
 .data          0x0084b4f4        0x0 j:/altera/13.0sp1/nios2eds/bin/gnu/h-i686-mingw32/bin/../lib/gcc/nios2-elf/4.1.2\libgcc.a(_usi_to_df.o)
 .data          0x0084b4f4        0x0 j:/altera/13.0sp1/nios2eds/bin/gnu/h-i686-mingw32/bin/../lib/gcc/nios2-elf/4.1.2\libgcc.a(_muldi3.o)
 .data          0x0084b4f4        0x0 j:/altera/13.0sp1/nios2eds/bin/gnu/h-i686-mingw32/bin/../lib/gcc/nios2-elf/4.1.2\libgcc.a(_clzsi2.o)
 .data          0x0084b4f4        0x0 j:/altera/13.0sp1/nios2eds/bin/gnu/h-i686-mingw32/bin/../lib/gcc/nios2-elf/4.1.2\libgcc.a(_pack_df.o)
 .data          0x0084b4f4        0x0 j:/altera/13.0sp1/nios2eds/bin/gnu/h-i686-mingw32/bin/../lib/gcc/nios2-elf/4.1.2\libgcc.a(_unpack_df.o)
 .data          0x0084b4f4        0x0 j:/altera/13.0sp1/nios2eds/bin/gnu/h-i686-mingw32/bin/../lib/gcc/nios2-elf/4.1.2\libgcc.a(_fpcmp_parts_df.o)
 .data          0x0084b4f4        0x0 j:/altera/13.0sp1/nios2eds/bin/gnu/h-i686-mingw32/bin/../lib/gcc/nios2-elf/4.1.2\libgcc.a(_clz.o)
 .data          0x0084b4f4        0x0 j:/altera/13.0sp1/nios2eds/bin/gnu/h-i686-mingw32/bin/../lib/gcc/nios2-elf/4.1.2/../../../../nios2-elf/lib\libc.a(lib_a-ctype_.o)
 .data          0x0084b4f4        0x0 j:/altera/13.0sp1/nios2eds/bin/gnu/h-i686-mingw32/bin/../lib/gcc/nios2-elf/4.1.2/../../../../nios2-elf/lib\libc.a(lib_a-exit.o)
 .data          0x0084b4f4        0x0 j:/altera/13.0sp1/nios2eds/bin/gnu/h-i686-mingw32/bin/../lib/gcc/nios2-elf/4.1.2/../../../../nios2-elf/lib\libc.a(lib_a-fprintf.o)
 .data          0x0084b4f4        0x0 j:/altera/13.0sp1/nios2eds/bin/gnu/h-i686-mingw32/bin/../lib/gcc/nios2-elf/4.1.2/../../../../nios2-elf/lib\libc.a(lib_a-fwrite.o)
 .data          0x0084b4f4        0x0 j:/altera/13.0sp1/nios2eds/bin/gnu/h-i686-mingw32/bin/../lib/gcc/nios2-elf/4.1.2/../../../../nios2-elf/lib\libc.a(lib_a-getc.o)
 .data          0x0084b4f4      0x400 j:/altera/13.0sp1/nios2eds/bin/gnu/h-i686-mingw32/bin/../lib/gcc/nios2-elf/4.1.2/../../../../nios2-elf/lib\libc.a(lib_a-impure.o)
 .data          0x0084b8f4        0x0 j:/altera/13.0sp1/nios2eds/bin/gnu/h-i686-mingw32/bin/../lib/gcc/nios2-elf/4.1.2/../../../../nios2-elf/lib\libc.a(lib_a-memcpy.o)
 .data          0x0084b8f4        0x0 j:/altera/13.0sp1/nios2eds/bin/gnu/h-i686-mingw32/bin/../lib/gcc/nios2-elf/4.1.2/../../../../nios2-elf/lib\libc.a(lib_a-memmove.o)
 .data          0x0084b8f4        0x0 j:/altera/13.0sp1/nios2eds/bin/gnu/h-i686-mingw32/bin/../lib/gcc/nios2-elf/4.1.2/../../../../nios2-elf/lib\libc.a(lib_a-memset.o)
 .data          0x0084b8f4        0x0 j:/altera/13.0sp1/nios2eds/bin/gnu/h-i686-mingw32/bin/../lib/gcc/nios2-elf/4.1.2/../../../../nios2-elf/lib\libc.a(lib_a-perror.o)
 .data          0x0084b8f4        0x0 j:/altera/13.0sp1/nios2eds/bin/gnu/h-i686-mingw32/bin/../lib/gcc/nios2-elf/4.1.2/../../../../nios2-elf/lib\libc.a(lib_a-printf.o)
 .data          0x0084b8f4        0x0 j:/altera/13.0sp1/nios2eds/bin/gnu/h-i686-mingw32/bin/../lib/gcc/nios2-elf/4.1.2/../../../../nios2-elf/lib\libc.a(lib_a-putc.o)
 .data          0x0084b8f4        0x0 j:/altera/13.0sp1/nios2eds/bin/gnu/h-i686-mingw32/bin/../lib/gcc/nios2-elf/4.1.2/../../../../nios2-elf/lib\libc.a(lib_a-putchar.o)
 .data          0x0084b8f4        0x0 j:/altera/13.0sp1/nios2eds/bin/gnu/h-i686-mingw32/bin/../lib/gcc/nios2-elf/4.1.2/../../../../nios2-elf/lib\libc.a(lib_a-puts.o)
 .data          0x0084b8f4        0x0 j:/altera/13.0sp1/nios2eds/bin/gnu/h-i686-mingw32/bin/../lib/gcc/nios2-elf/4.1.2/../../../../nios2-elf/lib\libc.a(lib_a-rget.o)
 .data          0x0084b8f4        0x0 j:/altera/13.0sp1/nios2eds/bin/gnu/h-i686-mingw32/bin/../lib/gcc/nios2-elf/4.1.2/../../../../nios2-elf/lib\libc.a(lib_a-strchr.o)
 .data          0x0084b8f4        0x0 j:/altera/13.0sp1/nios2eds/bin/gnu/h-i686-mingw32/bin/../lib/gcc/nios2-elf/4.1.2/../../../../nios2-elf/lib\libc.a(lib_a-strerror.o)
 .data          0x0084b8f4        0x0 j:/altera/13.0sp1/nios2eds/bin/gnu/h-i686-mingw32/bin/../lib/gcc/nios2-elf/4.1.2/../../../../nios2-elf/lib\libc.a(lib_a-strlen.o)
 .data          0x0084b8f4        0x0 j:/altera/13.0sp1/nios2eds/bin/gnu/h-i686-mingw32/bin/../lib/gcc/nios2-elf/4.1.2/../../../../nios2-elf/lib\libc.a(lib_a-u_strerr.o)
 .data          0x0084b8f4        0x0 j:/altera/13.0sp1/nios2eds/bin/gnu/h-i686-mingw32/bin/../lib/gcc/nios2-elf/4.1.2/../../../../nios2-elf/lib\libc.a(lib_a-vfprintf.o)
 .data          0x0084b8f4        0x0 j:/altera/13.0sp1/nios2eds/bin/gnu/h-i686-mingw32/bin/../lib/gcc/nios2-elf/4.1.2/../../../../nios2-elf/lib\libc.a(lib_a-wbuf.o)
 .data          0x0084b8f4        0x0 j:/altera/13.0sp1/nios2eds/bin/gnu/h-i686-mingw32/bin/../lib/gcc/nios2-elf/4.1.2/../../../../nios2-elf/lib\libc.a(lib_a-wsetup.o)
 .data          0x0084b8f4        0x0 j:/altera/13.0sp1/nios2eds/bin/gnu/h-i686-mingw32/bin/../lib/gcc/nios2-elf/4.1.2/../../../../nios2-elf/lib\libc.a(lib_a-__call_atexit.o)
 .data          0x0084b8f4        0x0 j:/altera/13.0sp1/nios2eds/bin/gnu/h-i686-mingw32/bin/../lib/gcc/nios2-elf/4.1.2/../../../../nios2-elf/lib\libc.a(lib_a-dtoa.o)
 .data          0x0084b8f4        0x0 j:/altera/13.0sp1/nios2eds/bin/gnu/h-i686-mingw32/bin/../lib/gcc/nios2-elf/4.1.2/../../../../nios2-elf/lib\libc.a(lib_a-fflush.o)
 .data          0x0084b8f4        0x0 j:/altera/13.0sp1/nios2eds/bin/gnu/h-i686-mingw32/bin/../lib/gcc/nios2-elf/4.1.2/../../../../nios2-elf/lib\libc.a(lib_a-findfp.o)
 .data          0x0084b8f4        0x0 j:/altera/13.0sp1/nios2eds/bin/gnu/h-i686-mingw32/bin/../lib/gcc/nios2-elf/4.1.2/../../../../nios2-elf/lib\libc.a(lib_a-fputc.o)
 .data          0x0084b8f4        0x0 j:/altera/13.0sp1/nios2eds/bin/gnu/h-i686-mingw32/bin/../lib/gcc/nios2-elf/4.1.2/../../../../nios2-elf/lib\libc.a(lib_a-fputs.o)
 .data          0x0084b8f4        0x0 j:/altera/13.0sp1/nios2eds/bin/gnu/h-i686-mingw32/bin/../lib/gcc/nios2-elf/4.1.2/../../../../nios2-elf/lib\libc.a(lib_a-freer.o)
 .data          0x0084b8f4        0x0 j:/altera/13.0sp1/nios2eds/bin/gnu/h-i686-mingw32/bin/../lib/gcc/nios2-elf/4.1.2/../../../../nios2-elf/lib\libc.a(lib_a-fvwrite.o)
 .data          0x0084b8f4        0x0 j:/altera/13.0sp1/nios2eds/bin/gnu/h-i686-mingw32/bin/../lib/gcc/nios2-elf/4.1.2/../../../../nios2-elf/lib\libc.a(lib_a-fwalk.o)
 .data          0x0084b8f4        0xc j:/altera/13.0sp1/nios2eds/bin/gnu/h-i686-mingw32/bin/../lib/gcc/nios2-elf/4.1.2/../../../../nios2-elf/lib\libc.a(lib_a-locale.o)
                0x0084b8f4                __lc_ctype
 .data          0x0084b900        0x0 j:/altera/13.0sp1/nios2eds/bin/gnu/h-i686-mingw32/bin/../lib/gcc/nios2-elf/4.1.2/../../../../nios2-elf/lib\libc.a(lib_a-makebuf.o)
 .data          0x0084b900      0x408 j:/altera/13.0sp1/nios2eds/bin/gnu/h-i686-mingw32/bin/../lib/gcc/nios2-elf/4.1.2/../../../../nios2-elf/lib\libc.a(lib_a-mallocr.o)
                0x0084b900                __malloc_av_
 .data          0x0084bd08        0x0 j:/altera/13.0sp1/nios2eds/bin/gnu/h-i686-mingw32/bin/../lib/gcc/nios2-elf/4.1.2/../../../../nios2-elf/lib\libc.a(lib_a-memchr.o)
 .data          0x0084bd08        0x0 j:/altera/13.0sp1/nios2eds/bin/gnu/h-i686-mingw32/bin/../lib/gcc/nios2-elf/4.1.2/../../../../nios2-elf/lib\libc.a(lib_a-mprec.o)
 .data          0x0084bd08        0x0 j:/altera/13.0sp1/nios2eds/bin/gnu/h-i686-mingw32/bin/../lib/gcc/nios2-elf/4.1.2/../../../../nios2-elf/lib\libc.a(lib_a-reallocr.o)
 .data          0x0084bd08        0x0 j:/altera/13.0sp1/nios2eds/bin/gnu/h-i686-mingw32/bin/../lib/gcc/nios2-elf/4.1.2/../../../../nios2-elf/lib\libc.a(lib_a-refill.o)
 .data          0x0084bd08        0x0 j:/altera/13.0sp1/nios2eds/bin/gnu/h-i686-mingw32/bin/../lib/gcc/nios2-elf/4.1.2/../../../../nios2-elf/lib\libc.a(lib_a-s_isinfd.o)
 .data          0x0084bd08        0x0 j:/altera/13.0sp1/nios2eds/bin/gnu/h-i686-mingw32/bin/../lib/gcc/nios2-elf/4.1.2/../../../../nios2-elf/lib\libc.a(lib_a-s_isnand.o)
 .data          0x0084bd08        0x0 j:/altera/13.0sp1/nios2eds/bin/gnu/h-i686-mingw32/bin/../lib/gcc/nios2-elf/4.1.2/../../../../nios2-elf/lib\libc.a(lib_a-sbrkr.o)
 .data          0x0084bd08        0x0 j:/altera/13.0sp1/nios2eds/bin/gnu/h-i686-mingw32/bin/../lib/gcc/nios2-elf/4.1.2/../../../../nios2-elf/lib\libc.a(lib_a-stdio.o)
 .data          0x0084bd08        0x0 j:/altera/13.0sp1/nios2eds/bin/gnu/h-i686-mingw32/bin/../lib/gcc/nios2-elf/4.1.2/../../../../nios2-elf/lib\libc.a(lib_a-strcmp.o)
 .data          0x0084bd08        0x0 j:/altera/13.0sp1/nios2eds/bin/gnu/h-i686-mingw32/bin/../lib/gcc/nios2-elf/4.1.2/../../../../nios2-elf/lib\libc.a(lib_a-writer.o)
 .data          0x0084bd08        0x0 j:/altera/13.0sp1/nios2eds/bin/gnu/h-i686-mingw32/bin/../lib/gcc/nios2-elf/4.1.2/../../../../nios2-elf/lib\libc.a(lib_a-callocr.o)